[     560ms] [INFO] %cDownload the React DevTools for a better development experience: https://reactjs.org/link/react-devtools font-weight:bold @ webpack-internal:///(app-pages-browser)/./node_modules/.pnpm/next@14.2.5_@babel+core@7.23.2_react-dom@18.2.0_react@18.2.0__react@18.2.0/node_modules/next/dist/compiled/react-dom/cjs/react-dom.development.js:38559
[     921ms] [WARNING] Image with src "/VOICESLOGO_LIGHTBOX.png" was detected as the Largest Contentful Paint (LCP). Please add the "priority" property if this image is above the fold.
Read more: https://nextjs.org/docs/api-reference/next/image#priority @ webpack-internal:///(app-pages-browser)/./node_modules/.pnpm/next@14.2.5_@babel+core@7.23.2_react-dom@18.2.0_react@18.2.0__react@18.2.0/node_modules/next/dist/shared/lib/utils/warn-once.js:15
[   21661ms] [ERROR] Failed to load resource: net::ERR_CONNECTION_REFUSED @ http://localhost:3001/_next/image?url=https%3A%2F%2Fi1.sndcdn.com%2Fartworks-1ho65iks3fsaazXs-yWRYAw-t500x500.jpg&w=1080&q=100:0
[   28663ms] [ERROR] Failed to load resource: net::ERR_CONNECTION_REFUSED @ http://localhost:3001/_next/image?url=https%3A%2F%2Fthumbnailer.mixcloud.com%2Funsafe%2F1024x1024%2Fextaudio%2F0%2F8%2Ff%2Fb%2Fac8c-efa7-4b20-b2a7-9659390dbc2e&w=1080&q=100:0
[   35663ms] [ERROR] Failed to load resource: net::ERR_CONNECTION_REFUSED @ http://localhost:3001/_next/image?url=https%3A%2F%2Fi1.sndcdn.com%2Fartworks-L89EZ1kH6b58dMC7-IMsphg-t500x500.jpg&w=1080&q=100:0
[   42663ms] [ERROR] Failed to load resource: net::ERR_CONNECTION_REFUSED @ http://localhost:3001/_next/image?url=https%3A%2F%2Fi1.sndcdn.com%2Fartworks-qFZhLVUnA5GYVvMC-xNMGQw-t500x500.jpg&w=1080&q=100:0
[   49664ms] [ERROR] Failed to load resource: net::ERR_CONNECTION_REFUSED @ http://localhost:3001/_next/image?url=https%3A%2F%2Fi1.sndcdn.com%2Fartworks-oZ6GLPgzyfBIqD0v-NBE9rQ-t500x500.jpg&w=1080&q=100:0
[   56664ms] [ERROR] Failed to load resource: net::ERR_CONNECTION_REFUSED @ http://localhost:3001/_next/image?url=https%3A%2F%2Fthumbnailer.mixcloud.com%2Funsafe%2F1024x1024%2Fextaudio%2F1%2F1%2F4%2F7%2F9265-7073-4f40-a172-f9211f9c1ef4&w=1080&q=100:0
[   77664ms] [ERROR] Failed to load resource: net::ERR_CONNECTION_REFUSED @ http://localhost:3001/_next/image?url=https%3A%2F%2Fi1.sndcdn.com%2Fartworks-1ho65iks3fsaazXs-yWRYAw-t500x500.jpg&w=1080&q=100:0
[   84663ms] [ERROR] Failed to load resource: net::ERR_CONNECTION_REFUSED @ http://localhost:3001/_next/image?url=https%3A%2F%2Fthumbnailer.mixcloud.com%2Funsafe%2F1024x1024%2Fextaudio%2F0%2F8%2Ff%2Fb%2Fac8c-efa7-4b20-b2a7-9659390dbc2e&w=1080&q=100:0
[   91663ms] [ERROR] Failed to load resource: net::ERR_CONNECTION_REFUSED @ http://localhost:3001/_next/image?url=https%3A%2F%2Fi1.sndcdn.com%2Fartworks-L89EZ1kH6b58dMC7-IMsphg-t500x500.jpg&w=1080&q=100:0
[   98664ms] [ERROR] Failed to load resource: net::ERR_CONNECTION_REFUSED @ http://localhost:3001/_next/image?url=https%3A%2F%2Fi1.sndcdn.com%2Fartworks-qFZhLVUnA5GYVvMC-xNMGQw-t500x500.jpg&w=1080&q=100:0
[  105663ms] [ERROR] Failed to load resource: net::ERR_CONNECTION_REFUSED @ http://localhost:3001/_next/image?url=https%3A%2F%2Fi1.sndcdn.com%2Fartworks-oZ6GLPgzyfBIqD0v-NBE9rQ-t500x500.jpg&w=1080&q=100:0
[  112664ms] [ERROR] Failed to load resource: net::ERR_CONNECTION_REFUSED @ http://localhost:3001/_next/image?url=https%3A%2F%2Fthumbnailer.mixcloud.com%2Funsafe%2F1024x1024%2Fextaudio%2F1%2F1%2F4%2F7%2F9265-7073-4f40-a172-f9211f9c1ef4&w=1080&q=100:0
[  133662ms] [ERROR] Failed to load resource: net::ERR_CONNECTION_REFUSED @ http://localhost:3001/_next/image?url=https%3A%2F%2Fi1.sndcdn.com%2Fartworks-1ho65iks3fsaazXs-yWRYAw-t500x500.jpg&w=1080&q=100:0
[  140664ms] [ERROR] Failed to load resource: net::ERR_CONNECTION_REFUSED @ http://localhost:3001/_next/image?url=https%3A%2F%2Fthumbnailer.mixcloud.com%2Funsafe%2F1024x1024%2Fextaudio%2F0%2F8%2Ff%2Fb%2Fac8c-efa7-4b20-b2a7-9659390dbc2e&w=1080&q=100:0
[  147664ms] [ERROR] Failed to load resource: net::ERR_CONNECTION_REFUSED @ http://localhost:3001/_next/image?url=https%3A%2F%2Fi1.sndcdn.com%2Fartworks-L89EZ1kH6b58dMC7-IMsphg-t500x500.jpg&w=1080&q=100:0
[  154665ms] [ERROR] Failed to load resource: net::ERR_CONNECTION_REFUSED @ http://localhost:3001/_next/image?url=https%3A%2F%2Fi1.sndcdn.com%2Fartworks-qFZhLVUnA5GYVvMC-xNMGQw-t500x500.jpg&w=1080&q=100:0
[  161662ms] [ERROR] Failed to load resource: net::ERR_CONNECTION_REFUSED @ http://localhost:3001/_next/image?url=https%3A%2F%2Fi1.sndcdn.com%2Fartworks-oZ6GLPgzyfBIqD0v-NBE9rQ-t500x500.jpg&w=1080&q=100:0
[  168663ms] [ERROR] Failed to load resource: net::ERR_CONNECTION_REFUSED @ http://localhost:3001/_next/image?url=https%3A%2F%2Fthumbnailer.mixcloud.com%2Funsafe%2F1024x1024%2Fextaudio%2F1%2F1%2F4%2F7%2F9265-7073-4f40-a172-f9211f9c1ef4&w=1080&q=100:0
[  189662ms] [ERROR] Failed to load resource: net::ERR_CONNECTION_REFUSED @ http://localhost:3001/_next/image?url=https%3A%2F%2Fi1.sndcdn.com%2Fartworks-1ho65iks3fsaazXs-yWRYAw-t500x500.jpg&w=1080&q=100:0
[  196662ms] [ERROR] Failed to load resource: net::ERR_CONNECTION_REFUSED @ http://localhost:3001/_next/image?url=https%3A%2F%2Fthumbnailer.mixcloud.com%2Funsafe%2F1024x1024%2Fextaudio%2F0%2F8%2Ff%2Fb%2Fac8c-efa7-4b20-b2a7-9659390dbc2e&w=1080&q=100:0
[  203665ms] [ERROR] Failed to load resource: net::ERR_CONNECTION_REFUSED @ http://localhost:3001/_next/image?url=https%3A%2F%2Fi1.sndcdn.com%2Fartworks-L89EZ1kH6b58dMC7-IMsphg-t500x500.jpg&w=1080&q=100:0
[  210664ms] [ERROR] Failed to load resource: net::ERR_CONNECTION_REFUSED @ http://localhost:3001/_next/image?url=https%3A%2F%2Fi1.sndcdn.com%2Fartworks-qFZhLVUnA5GYVvMC-xNMGQw-t500x500.jpg&w=1080&q=100:0
[  217665ms] [ERROR] Failed to load resource: net::ERR_CONNECTION_REFUSED @ http://localhost:3001/_next/image?url=https%3A%2F%2Fi1.sndcdn.com%2Fartworks-oZ6GLPgzyfBIqD0v-NBE9rQ-t500x500.jpg&w=1080&q=100:0
[  224664ms] [ERROR] Failed to load resource: net::ERR_CONNECTION_REFUSED @ http://localhost:3001/_next/image?url=https%3A%2F%2Fthumbnailer.mixcloud.com%2Funsafe%2F1024x1024%2Fextaudio%2F1%2F1%2F4%2F7%2F9265-7073-4f40-a172-f9211f9c1ef4&w=1080&q=100:0
