[     929ms] [INFO] %cDownload the React DevTools for a better development experience: https://react.dev/link/react-devtools font-weight:bold @ webpack-internal:///(app-pages-browser)/./node_modules/next/dist/compiled/react-dom/cjs/react-dom-client.development.js:25630
[     958ms] [ERROR] Permissions policy violation: encrypted-media is not allowed in this document. @ https://player-widget.mixcloud.com/assets/index-j1Q3ri0n.js:870
[     958ms] [WARNING] Encrypted Media access has been blocked because of a Feature Policy applied to the current document. See https://crbug.com/414348233 for more details. @ https://player-widget.mixcloud.com/assets/index-j1Q3ri0n.js:870
[     958ms] [ERROR] Permissions policy violation: encrypted-media is not allowed in this document. @ https://player-widget.mixcloud.com/assets/index-j1Q3ri0n.js:870
[     958ms] [WARNING] Encrypted Media access has been blocked because of a Feature Policy applied to the current document. See https://crbug.com/414348233 for more details. @ https://player-widget.mixcloud.com/assets/index-j1Q3ri0n.js:870
[     958ms] [ERROR] Permissions policy violation: encrypted-media is not allowed in this document. @ https://player-widget.mixcloud.com/assets/index-j1Q3ri0n.js:870
[     958ms] [WARNING] Encrypted Media access has been blocked because of a Feature Policy applied to the current document. See https://crbug.com/414348233 for more details. @ https://player-widget.mixcloud.com/assets/index-j1Q3ri0n.js:870
[     958ms] [ERROR] Permissions policy violation: encrypted-media is not allowed in this document. @ https://player-widget.mixcloud.com/assets/index-j1Q3ri0n.js:870
[     958ms] [WARNING] Encrypted Media access has been blocked because of a Feature Policy applied to the current document. See https://crbug.com/414348233 for more details. @ https://player-widget.mixcloud.com/assets/index-j1Q3ri0n.js:870
[     958ms] [ERROR] Permissions policy violation: encrypted-media is not allowed in this document. @ https://player-widget.mixcloud.com/assets/index-j1Q3ri0n.js:870
[     958ms] [WARNING] Encrypted Media access has been blocked because of a Feature Policy applied to the current document. See https://crbug.com/414348233 for more details. @ https://player-widget.mixcloud.com/assets/index-j1Q3ri0n.js:870
[     958ms] [ERROR] Permissions policy violation: encrypted-media is not allowed in this document. @ https://player-widget.mixcloud.com/assets/index-j1Q3ri0n.js:870
[     958ms] [WARNING] Encrypted Media access has been blocked because of a Feature Policy applied to the current document. See https://crbug.com/414348233 for more details. @ https://player-widget.mixcloud.com/assets/index-j1Q3ri0n.js:870
[    1078ms] [ERROR] Permissions policy violation: encrypted-media is not allowed in this document. @ https://player-widget.mixcloud.com/assets/index-j1Q3ri0n.js:870
[    1078ms] [WARNING] Encrypted Media access has been blocked because of a Feature Policy applied to the current document. See https://crbug.com/414348233 for more details. @ https://player-widget.mixcloud.com/assets/index-j1Q3ri0n.js:870
[    1079ms] [ERROR] Permissions policy violation: encrypted-media is not allowed in this document. @ https://player-widget.mixcloud.com/assets/index-j1Q3ri0n.js:870
[    1079ms] [WARNING] Encrypted Media access has been blocked because of a Feature Policy applied to the current document. See https://crbug.com/414348233 for more details. @ https://player-widget.mixcloud.com/assets/index-j1Q3ri0n.js:870
[    1079ms] [ERROR] Permissions policy violation: encrypted-media is not allowed in this document. @ https://player-widget.mixcloud.com/assets/index-j1Q3ri0n.js:870
[    1079ms] [WARNING] Encrypted Media access has been blocked because of a Feature Policy applied to the current document. See https://crbug.com/414348233 for more details. @ https://player-widget.mixcloud.com/assets/index-j1Q3ri0n.js:870
[     958ms] [ERROR] Permissions policy violation: encrypted-media is not allowed in this document. @ https://player-widget.mixcloud.com/assets/index-j1Q3ri0n.js:870
[     958ms] [WARNING] Encrypted Media access has been blocked because of a Feature Policy applied to the current document. See https://crbug.com/414348233 for more details. @ https://player-widget.mixcloud.com/assets/index-j1Q3ri0n.js:870
[     958ms] [ERROR] Permissions policy violation: encrypted-media is not allowed in this document. @ https://player-widget.mixcloud.com/assets/index-j1Q3ri0n.js:870
[     958ms] [WARNING] Encrypted Media access has been blocked because of a Feature Policy applied to the current document. See https://crbug.com/414348233 for more details. @ https://player-widget.mixcloud.com/assets/index-j1Q3ri0n.js:870
[     958ms] [ERROR] Permissions policy violation: encrypted-media is not allowed in this document. @ https://player-widget.mixcloud.com/assets/index-j1Q3ri0n.js:870
[     958ms] [WARNING] Encrypted Media access has been blocked because of a Feature Policy applied to the current document. See https://crbug.com/414348233 for more details. @ https://player-widget.mixcloud.com/assets/index-j1Q3ri0n.js:870
[    1078ms] [ERROR] Permissions policy violation: encrypted-media is not allowed in this document. @ https://player-widget.mixcloud.com/assets/index-j1Q3ri0n.js:870
[    1078ms] [WARNING] Encrypted Media access has been blocked because of a Feature Policy applied to the current document. See https://crbug.com/414348233 for more details. @ https://player-widget.mixcloud.com/assets/index-j1Q3ri0n.js:870
[    1079ms] [ERROR] Permissions policy violation: encrypted-media is not allowed in this document. @ https://player-widget.mixcloud.com/assets/index-j1Q3ri0n.js:870
[    1079ms] [WARNING] Encrypted Media access has been blocked because of a Feature Policy applied to the current document. See https://crbug.com/414348233 for more details. @ https://player-widget.mixcloud.com/assets/index-j1Q3ri0n.js:870
[    1079ms] [ERROR] Permissions policy violation: encrypted-media is not allowed in this document. @ https://player-widget.mixcloud.com/assets/index-j1Q3ri0n.js:870
[    1079ms] [WARNING] Encrypted Media access has been blocked because of a Feature Policy applied to the current document. See https://crbug.com/414348233 for more details. @ https://player-widget.mixcloud.com/assets/index-j1Q3ri0n.js:870
[    1124ms] [ERROR] Permissions policy violation: encrypted-media is not allowed in this document. @ https://player-widget.mixcloud.com/assets/index-j1Q3ri0n.js:870
[    1124ms] [WARNING] Encrypted Media access has been blocked because of a Feature Policy applied to the current document. See https://crbug.com/414348233 for more details. @ https://player-widget.mixcloud.com/assets/index-j1Q3ri0n.js:870
[    1124ms] [ERROR] Permissions policy violation: encrypted-media is not allowed in this document. @ https://player-widget.mixcloud.com/assets/index-j1Q3ri0n.js:870
[    1124ms] [WARNING] Encrypted Media access has been blocked because of a Feature Policy applied to the current document. See https://crbug.com/414348233 for more details. @ https://player-widget.mixcloud.com/assets/index-j1Q3ri0n.js:870
[    1124ms] [ERROR] Permissions policy violation: encrypted-media is not allowed in this document. @ https://player-widget.mixcloud.com/assets/index-j1Q3ri0n.js:870
[    1124ms] [WARNING] Encrypted Media access has been blocked because of a Feature Policy applied to the current document. See https://crbug.com/414348233 for more details. @ https://player-widget.mixcloud.com/assets/index-j1Q3ri0n.js:870
[    9276ms] [WARNING] The resource https://player-widget.mixcloud.com/assets/mix-RbQjuyZ0-dm-sans-latin-wght-normal.woff2 was preloaded using link preload but not used within a few seconds from the window's load event. Please make sure it has an appropriate `as` value and it is preloaded intentionally. @ https://player-widget.mixcloud.com/?hide_cover=1&light=1&feed=%2FVoicesRadio%2Fdamn-england-190726-voices-radio%2F:0
[    9276ms] [WARNING] The resource https://player-widget.mixcloud.com/assets/mix-BQjZ2nPP-open-sans-latin-wght-normal.woff2 was preloaded using link preload but not used within a few seconds from the window's load event. Please make sure it has an appropriate `as` value and it is preloaded intentionally. @ https://player-widget.mixcloud.com/?hide_cover=1&light=1&feed=%2FVoicesRadio%2Fdamn-england-190726-voices-radio%2F:0
[    9276ms] [WARNING] The resource https://player-widget.mixcloud.com/assets/mix-RbQjuyZ0-dm-sans-latin-wght-normal.woff2 was preloaded using link preload but not used within a few seconds from the window's load event. Please make sure it has an appropriate `as` value and it is preloaded intentionally. @ https://player-widget.mixcloud.com/?hide_cover=1&light=1&feed=%2FVoicesRadio%2Fdamn-england-190726-voices-radio%2F:0
[    9276ms] [WARNING] The resource https://player-widget.mixcloud.com/assets/mix-BQjZ2nPP-open-sans-latin-wght-normal.woff2 was preloaded using link preload but not used within a few seconds from the window's load event. Please make sure it has an appropriate `as` value and it is preloaded intentionally. @ https://player-widget.mixcloud.com/?hide_cover=1&light=1&feed=%2FVoicesRadio%2Fdamn-england-190726-voices-radio%2F:0
[   11769ms] [WARNING] The resource http://localhost:3000/_next/image?url=https%3A%2F%2Fthumbnailer.mixcloud.com%2Funsafe%2F1000x1000%2Fextaudio%2Fd%2F6%2F2%2F1%2F5cee-d019-4914-9b03-4ef39893a148&w=1080&q=75 was preloaded using link preload but not used within a few seconds from the window's load event. Please make sure it has an appropriate `as` value and it is preloaded intentionally. @ http://localhost:3000/shows/6a5cb8e157e1bcbfdb5c5009:0
[   44972ms] [LOG] [Fast Refresh] rebuilding @ webpack-internal:///(app-pages-browser)/./node_modules/next/dist/client/dev/hot-reloader/app/hot-reloader-app.js:196
[   45331ms] [LOG] [Fast Refresh] done in 358ms @ webpack-internal:///(app-pages-browser)/./node_modules/next/dist/client/dev/report-hmr-latency.js:13
[   48615ms] [WARNING] The resource http://localhost:3000/_next/image?url=https%3A%2F%2Fthumbnailer.mixcloud.com%2Funsafe%2F1000x1000%2Fextaudio%2Fd%2F6%2F2%2F1%2F5cee-d019-4914-9b03-4ef39893a148&w=1080&q=75 was preloaded using link preload but not used within a few seconds from the window's load event. Please make sure it has an appropriate `as` value and it is preloaded intentionally. @ http://localhost:3000/shows/6a5cb8e157e1bcbfdb5c5009:0
[   78111ms] [LOG] [Fast Refresh] rebuilding @ webpack-internal:///(app-pages-browser)/./node_modules/next/dist/client/dev/hot-reloader/app/hot-reloader-app.js:196
[   78512ms] [LOG] [Fast Refresh] done in 401ms @ webpack-internal:///(app-pages-browser)/./node_modules/next/dist/client/dev/report-hmr-latency.js:13
[   81670ms] [WARNING] The resource http://localhost:3000/_next/image?url=https%3A%2F%2Fthumbnailer.mixcloud.com%2Funsafe%2F1000x1000%2Fextaudio%2Fd%2F6%2F2%2F1%2F5cee-d019-4914-9b03-4ef39893a148&w=1080&q=75 was preloaded using link preload but not used within a few seconds from the window's load event. Please make sure it has an appropriate `as` value and it is preloaded intentionally. @ http://localhost:3000/shows/6a5cb8e157e1bcbfdb5c5009:0
