[    5288ms] [INFO] %cDownload the React DevTools for a better development experience: https://reactjs.org/link/react-devtools font-weight:bold @ webpack-internal:///(app-pages-browser)/./node_modules/.pnpm/next@14.2.5_@babel+core@7.23.2_react-dom@18.2.0_react@18.2.0__react@18.2.0/node_modules/next/dist/compiled/react-dom/cjs/react-dom.development.js:38559
[    9577ms] [LOG] [Fast Refresh] rebuilding @ webpack-internal:///(app-pages-browser)/./node_modules/.pnpm/next@14.2.5_@babel+core@7.23.2_react-dom@18.2.0_react@18.2.0__react@18.2.0/node_modules/next/dist/client/components/react-dev-overlay/app/hot-reloader-client.js:186
[    9715ms] [LOG] [Fast Refresh] done in 138ms @ webpack-internal:///(app-pages-browser)/./node_modules/.pnpm/next@14.2.5_@babel+core@7.23.2_react-dom@18.2.0_react@18.2.0__react@18.2.0/node_modules/next/dist/client/components/react-dev-overlay/app/hot-reloader-client.js:43
[   82304ms] [LOG] [Fast Refresh] rebuilding @ webpack-internal:///(app-pages-browser)/./node_modules/.pnpm/next@14.2.5_@babel+core@7.23.2_react-dom@18.2.0_react@18.2.0__react@18.2.0/node_modules/next/dist/client/components/react-dev-overlay/app/hot-reloader-client.js:186
[   82468ms] [LOG] [Fast Refresh] done in 163ms @ webpack-internal:///(app-pages-browser)/./node_modules/.pnpm/next@14.2.5_@babel+core@7.23.2_react-dom@18.2.0_react@18.2.0__react@18.2.0/node_modules/next/dist/client/components/react-dev-overlay/app/hot-reloader-client.js:43
[   95073ms] [INFO] %cDownload the React DevTools for a better development experience: https://reactjs.org/link/react-devtools font-weight:bold @ webpack-internal:///(app-pages-browser)/./node_modules/.pnpm/next@14.2.5_@babel+core@7.23.2_react-dom@18.2.0_react@18.2.0__react@18.2.0/node_modules/next/dist/compiled/react-dom/cjs/react-dom.development.js:38559
[  185537ms] [LOG] [Fast Refresh] rebuilding @ webpack-internal:///(app-pages-browser)/./node_modules/.pnpm/next@14.2.5_@babel+core@7.23.2_react-dom@18.2.0_react@18.2.0__react@18.2.0/node_modules/next/dist/client/components/react-dev-overlay/app/hot-reloader-client.js:186
[  185709ms] [LOG] [Fast Refresh] rebuilding @ webpack-internal:///(app-pages-browser)/./node_modules/.pnpm/next@14.2.5_@babel+core@7.23.2_react-dom@18.2.0_react@18.2.0__react@18.2.0/node_modules/next/dist/client/components/react-dev-overlay/app/hot-reloader-client.js:186
[  185920ms] [ERROR] Failed to load resource: the server responded with a status of 404 (Not Found) @ http://localhost:3002/_next/static/webpack/c7c252c32a4bc6de.webpack.hot-update.json:0
[  185920ms] [ERROR] Failed to load resource: the server responded with a status of 404 (Not Found) @ http://localhost:3002/_next/static/css/app/layout.css?v=1782496504368:0
[  185984ms] Event
[  186159ms] [ERROR] Failed to load resource: the server responded with a status of 404 (Not Found) @ http://localhost:3002/_next/static/css/app/layout.css?v=1782496504709:0
[  186169ms] [ERROR] Failed to load resource: the server responded with a status of 404 (Not Found) @ http://localhost:3002/_next/static/chunks/app-pages-internals.js:0
[  186170ms] [ERROR] Failed to load resource: the server responded with a status of 404 (Not Found) @ http://localhost:3002/_next/static/chunks/main-app.js?v=1782496504709:0
[  186179ms] [ERROR] Failed to load resource: the server responded with a status of 404 (Not Found) @ http://localhost:3002/_next/static/chunks/app/(station)/explore/page.js:0
[  186180ms] [ERROR] Failed to load resource: the server responded with a status of 404 (Not Found) @ http://localhost:3002/_next/static/chunks/app/(station)/layout.js:0
[  186185ms] [ERROR] Failed to load resource: the server responded with a status of 404 (Not Found) @ http://localhost:3002/_next/static/chunks/app/(station)/error.js:0
[  186383ms] [ERROR] Failed to load resource: the server responded with a status of 500 (Internal Server Error) @ http://localhost:3002/favicon.ico:0
[  189385ms] [WARNING] The resource http://localhost:3002/_next/static/media/e4af272ccee01ff0-s.p.woff2 was preloaded using link preload but not used within a few seconds from the window's load event. Please make sure it has an appropriate `as` value and it is preloaded intentionally. @ http://localhost:3002/explore:0
[  189385ms] [WARNING] The resource http://localhost:3002/_next/static/media/7b0b24f36b1a6d0b-s.p.woff2 was preloaded using link preload but not used within a few seconds from the window's load event. Please make sure it has an appropriate `as` value and it is preloaded intentionally. @ http://localhost:3002/explore:0
[  189385ms] [WARNING] The resource http://localhost:3002/_next/static/media/7891bf2bba658b6d-s.p.woff2 was preloaded using link preload but not used within a few seconds from the window's load event. Please make sure it has an appropriate `as` value and it is preloaded intentionally. @ http://localhost:3002/explore:0
[  189385ms] [WARNING] The resource http://localhost:3002/_next/static/media/3240ce91eb2adaa8-s.p.woff2 was preloaded using link preload but not used within a few seconds from the window's load event. Please make sure it has an appropriate `as` value and it is preloaded intentionally. @ http://localhost:3002/explore:0
[  189385ms] [WARNING] The resource http://localhost:3002/_next/static/media/0b59b4e6797d186d-s.p.woff2 was preloaded using link preload but not used within a few seconds from the window's load event. Please make sure it has an appropriate `as` value and it is preloaded intentionally. @ http://localhost:3002/explore:0
[  189385ms] [WARNING] The resource http://localhost:3002/_next/static/media/48d80869c8866503-s.p.woff2 was preloaded using link preload but not used within a few seconds from the window's load event. Please make sure it has an appropriate `as` value and it is preloaded intentionally. @ http://localhost:3002/explore:0
[  249878ms] [INFO] %cDownload the React DevTools for a better development experience: https://reactjs.org/link/react-devtools font-weight:bold @ webpack-internal:///(app-pages-browser)/./node_modules/.pnpm/next@14.2.5_@babel+core@7.23.2_react-dom@18.2.0_react@18.2.0__react@18.2.0/node_modules/next/dist/compiled/react-dom/cjs/react-dom.development.js:38559
