[    1739ms] [INFO] %cDownload the React DevTools for a better development experience: https://reactjs.org/link/react-devtools font-weight:bold @ webpack-internal:///(app-pages-browser)/./node_modules/.pnpm/next@14.2.5_@babel+core@7.23.2_react-dom@18.2.0_react@18.2.0__react@18.2.0/node_modules/next/dist/compiled/react-dom/cjs/react-dom.development.js:38559
[    1831ms] Error: Attempted to call filter() from the server but filter is on the client. It's not possible to invoke a client function from the server, it can only be rendered as a Component or passed to props of a Client Component.
    at Proxy.filter (/Users/jackonslow/USA Taxes/Documents/Voices_Tech/voices-radio/node_modules/.pnpm/next@14.2.5_@babel+core@7.23.2_react-dom@18.2.0_react@18.2.0__react@18.2.0/node_modules/next/dist/compiled/next-server/app-page.runtime.dev.js:35:255262)
    at GenreBlock (webpack-internal:///(rsc)/./app/(station)/explore/page.tsx:158:93)
    at e_ (/Users/jackonslow/USA Taxes/Documents/Voices_Tech/voices-radio/node_modules/.pnpm/next@14.2.5_@babel+core@7.23.2_react-dom@18.2.0_react@18.2.0__react@18.2.0/node_modules/next/dist/compiled/next-server/app-page.runtime.dev.js:35:264092)
    at e (/Users/jackonslow/USA Taxes/Documents/Voices_Tech/voices-radio/node_modules/.pnpm/next@14.2.5_@babel+core@7.23.2_react-dom@18.2.0_react@18.2.0__react@18.2.0/node_modules/next/dist/compiled/next-server/app-page.runtime.dev.js:35:268224)
    at eF (/Users/jackonslow/USA Taxes/Documents/Voices_Tech/voices-radio/node_modules/.pnpm/next@14.2.5_@babel+core@7.23.2_react-dom@18.2.0_react@18.2.0__react@18.2.0/node_modules/next/dist/compiled/next-server/app-page.runtime.dev.js:35:268712)
    at eq (/Users/jackonslow/USA Taxes/Documents/Voices_Tech/voices-radio/node_modules/.pnpm/next@14.2.5_@babel+core@7.23.2_react-dom@18.2.0_react@18.2.0__react@18.2.0/node_modules/next/dist/compiled/next-server/app-page.runtime.dev.js:35:274676)
    at ej (/Users/jackonslow/USA Taxes/Documents/Voices_Tech/voices-radio/node_modules/.pnpm/next@14.2.5_@babel+core@7.23.2_react-dom@18.2.0_react@18.2.0__react@18.2.0/node_modules/next/dist/compiled/next-server/app-page.runtime.dev.js:35:264920)
    at e_ (/Users/jackonslow/USA Taxes/Documents/Voices_Tech/voices-radio/node_modules/.pnpm/next@14.2.5_@babel+core@7.23.2_react-dom@18.2.0_react@18.2.0__react@18.2.0/node_modules/next/dist/compiled/next-server/app-page.runtime.dev.js:35:263962)
    at e (/Users/jackonslow/USA Taxes/Documents/Voices_Tech/voices-radio/node_modules/.pnpm/next@14.2.5_@babel+core@7.23.2_react-dom@18.2.0_react@18.2.0__react@18.2.0/node_modules/next/dist/compiled/next-server/app-page.runtime.dev.js:35:268224)
    at eF (/Users/jackonslow/USA Taxes/Documents/Voices_Tech/voices-radio/node_modules/.pnpm/next@14.2.5_@babel+core@7.23.2_react-dom@18.2.0_react@18.2.0__react@18.2.0/node_modules/next/dist/compiled/next-server/app-page.runtime.dev.js:35:268712)
    at /Users/jackonslow/USA Taxes/Documents/Voices_Tech/voices-radio/node_modules/.pnpm/next@14.2.5_@babel+core@7.23.2_react-dom@18.2.0_react@18.2.0__react@18.2.0/node_modules/next/dist/compiled/next-server/app-page.runtime.dev.js:35:265943
    at Object.toJSON (/Users/jackonslow/USA Taxes/Documents/Voices_Tech/voices-radio/node_modules/.pnpm/next@14.2.5_@babel+core@7.23.2_react-dom@18.2.0_react@18.2.0__react@18.2.0/node_modules/next/dist/compiled/next-server/app-page.runtime.dev.js:35:266407)
    at stringify (<anonymous>)
    at eq (/Users/jackonslow/USA Taxes/Documents/Voices_Tech/voices-radio/node_modules/.pnpm/next@14.2.5_@babel+core@7.23.2_react-dom@18.2.0_react@18.2.0__react@18.2.0/node_modules/next/dist/compiled/next-server/app-page.runtime.dev.js:35:274775)
    at eJ (/Users/jackonslow/USA Taxes/Documents/Voices_Tech/voices-radio/node_modules/.pnpm/next@14.2.5_@babel+core@7.23.2_react-dom@18.2.0_react@18.2.0__react@18.2.0/node_modules/next/dist/compiled/next-server/app-page.runtime.dev.js:35:275293)
    at Timeout._onTimeout (/Users/jackonslow/USA Taxes/Documents/Voices_Tech/voices-radio/node_modules/.pnpm/next@14.2.5_@babel+core@7.23.2_react-dom@18.2.0_react@18.2.0__react@18.2.0/node_modules/next/dist/compiled/next-server/app-page.runtime.dev.js:35:265080)
    at listOnTimeout (node:internal/timers:588:17)
    at process.processTimers (node:internal/timers:523:7)
[    1831ms] Error: Attempted to call filter() from the server but filter is on the client. It's not possible to invoke a client function from the server, it can only be rendered as a Component or passed to props of a Client Component.
    at Proxy.filter (/Users/jackonslow/USA Taxes/Documents/Voices_Tech/voices-radio/node_modules/.pnpm/next@14.2.5_@babel+core@7.23.2_react-dom@18.2.0_react@18.2.0__react@18.2.0/node_modules/next/dist/compiled/next-server/app-page.runtime.dev.js:35:255262)
    at GenreBlock (webpack-internal:///(rsc)/./app/(station)/explore/page.tsx:158:93)
    at e_ (/Users/jackonslow/USA Taxes/Documents/Voices_Tech/voices-radio/node_modules/.pnpm/next@14.2.5_@babel+core@7.23.2_react-dom@18.2.0_react@18.2.0__react@18.2.0/node_modules/next/dist/compiled/next-server/app-page.runtime.dev.js:35:264092)
    at e (/Users/jackonslow/USA Taxes/Documents/Voices_Tech/voices-radio/node_modules/.pnpm/next@14.2.5_@babel+core@7.23.2_react-dom@18.2.0_react@18.2.0__react@18.2.0/node_modules/next/dist/compiled/next-server/app-page.runtime.dev.js:35:268224)
    at eF (/Users/jackonslow/USA Taxes/Documents/Voices_Tech/voices-radio/node_modules/.pnpm/next@14.2.5_@babel+core@7.23.2_react-dom@18.2.0_react@18.2.0__react@18.2.0/node_modules/next/dist/compiled/next-server/app-page.runtime.dev.js:35:268712)
    at eq (/Users/jackonslow/USA Taxes/Documents/Voices_Tech/voices-radio/node_modules/.pnpm/next@14.2.5_@babel+core@7.23.2_react-dom@18.2.0_react@18.2.0__react@18.2.0/node_modules/next/dist/compiled/next-server/app-page.runtime.dev.js:35:274676)
    at ej (/Users/jackonslow/USA Taxes/Documents/Voices_Tech/voices-radio/node_modules/.pnpm/next@14.2.5_@babel+core@7.23.2_react-dom@18.2.0_react@18.2.0__react@18.2.0/node_modules/next/dist/compiled/next-server/app-page.runtime.dev.js:35:264920)
    at e_ (/Users/jackonslow/USA Taxes/Documents/Voices_Tech/voices-radio/node_modules/.pnpm/next@14.2.5_@babel+core@7.23.2_react-dom@18.2.0_react@18.2.0__react@18.2.0/node_modules/next/dist/compiled/next-server/app-page.runtime.dev.js:35:263962)
    at e (/Users/jackonslow/USA Taxes/Documents/Voices_Tech/voices-radio/node_modules/.pnpm/next@14.2.5_@babel+core@7.23.2_react-dom@18.2.0_react@18.2.0__react@18.2.0/node_modules/next/dist/compiled/next-server/app-page.runtime.dev.js:35:268224)
    at eF (/Users/jackonslow/USA Taxes/Documents/Voices_Tech/voices-radio/node_modules/.pnpm/next@14.2.5_@babel+core@7.23.2_react-dom@18.2.0_react@18.2.0__react@18.2.0/node_modules/next/dist/compiled/next-server/app-page.runtime.dev.js:35:268712)
    at /Users/jackonslow/USA Taxes/Documents/Voices_Tech/voices-radio/node_modules/.pnpm/next@14.2.5_@babel+core@7.23.2_react-dom@18.2.0_react@18.2.0__react@18.2.0/node_modules/next/dist/compiled/next-server/app-page.runtime.dev.js:35:265943
    at Object.toJSON (/Users/jackonslow/USA Taxes/Documents/Voices_Tech/voices-radio/node_modules/.pnpm/next@14.2.5_@babel+core@7.23.2_react-dom@18.2.0_react@18.2.0__react@18.2.0/node_modules/next/dist/compiled/next-server/app-page.runtime.dev.js:35:266407)
    at stringify (<anonymous>)
    at eq (/Users/jackonslow/USA Taxes/Documents/Voices_Tech/voices-radio/node_modules/.pnpm/next@14.2.5_@babel+core@7.23.2_react-dom@18.2.0_react@18.2.0__react@18.2.0/node_modules/next/dist/compiled/next-server/app-page.runtime.dev.js:35:274775)
    at eJ (/Users/jackonslow/USA Taxes/Documents/Voices_Tech/voices-radio/node_modules/.pnpm/next@14.2.5_@babel+core@7.23.2_react-dom@18.2.0_react@18.2.0__react@18.2.0/node_modules/next/dist/compiled/next-server/app-page.runtime.dev.js:35:275293)
    at Timeout._onTimeout (/Users/jackonslow/USA Taxes/Documents/Voices_Tech/voices-radio/node_modules/.pnpm/next@14.2.5_@babel+core@7.23.2_react-dom@18.2.0_react@18.2.0__react@18.2.0/node_modules/next/dist/compiled/next-server/app-page.runtime.dev.js:35:265080)
    at listOnTimeout (node:internal/timers:588:17)
    at process.processTimers (node:internal/timers:523:7)
[    1831ms] Error: Attempted to call filter() from the server but filter is on the client. It's not possible to invoke a client function from the server, it can only be rendered as a Component or passed to props of a Client Component.
    at Proxy.filter (/Users/jackonslow/USA Taxes/Documents/Voices_Tech/voices-radio/node_modules/.pnpm/next@14.2.5_@babel+core@7.23.2_react-dom@18.2.0_react@18.2.0__react@18.2.0/node_modules/next/dist/compiled/next-server/app-page.runtime.dev.js:35:255262)
    at GenreBlock (webpack-internal:///(rsc)/./app/(station)/explore/page.tsx:158:93)
    at e_ (/Users/jackonslow/USA Taxes/Documents/Voices_Tech/voices-radio/node_modules/.pnpm/next@14.2.5_@babel+core@7.23.2_react-dom@18.2.0_react@18.2.0__react@18.2.0/node_modules/next/dist/compiled/next-server/app-page.runtime.dev.js:35:264092)
    at e (/Users/jackonslow/USA Taxes/Documents/Voices_Tech/voices-radio/node_modules/.pnpm/next@14.2.5_@babel+core@7.23.2_react-dom@18.2.0_react@18.2.0__react@18.2.0/node_modules/next/dist/compiled/next-server/app-page.runtime.dev.js:35:268224)
    at eF (/Users/jackonslow/USA Taxes/Documents/Voices_Tech/voices-radio/node_modules/.pnpm/next@14.2.5_@babel+core@7.23.2_react-dom@18.2.0_react@18.2.0__react@18.2.0/node_modules/next/dist/compiled/next-server/app-page.runtime.dev.js:35:268712)
    at eq (/Users/jackonslow/USA Taxes/Documents/Voices_Tech/voices-radio/node_modules/.pnpm/next@14.2.5_@babel+core@7.23.2_react-dom@18.2.0_react@18.2.0__react@18.2.0/node_modules/next/dist/compiled/next-server/app-page.runtime.dev.js:35:274676)
    at ej (/Users/jackonslow/USA Taxes/Documents/Voices_Tech/voices-radio/node_modules/.pnpm/next@14.2.5_@babel+core@7.23.2_react-dom@18.2.0_react@18.2.0__react@18.2.0/node_modules/next/dist/compiled/next-server/app-page.runtime.dev.js:35:264920)
    at e_ (/Users/jackonslow/USA Taxes/Documents/Voices_Tech/voices-radio/node_modules/.pnpm/next@14.2.5_@babel+core@7.23.2_react-dom@18.2.0_react@18.2.0__react@18.2.0/node_modules/next/dist/compiled/next-server/app-page.runtime.dev.js:35:263962)
    at e (/Users/jackonslow/USA Taxes/Documents/Voices_Tech/voices-radio/node_modules/.pnpm/next@14.2.5_@babel+core@7.23.2_react-dom@18.2.0_react@18.2.0__react@18.2.0/node_modules/next/dist/compiled/next-server/app-page.runtime.dev.js:35:268224)
    at eF (/Users/jackonslow/USA Taxes/Documents/Voices_Tech/voices-radio/node_modules/.pnpm/next@14.2.5_@babel+core@7.23.2_react-dom@18.2.0_react@18.2.0__react@18.2.0/node_modules/next/dist/compiled/next-server/app-page.runtime.dev.js:35:268712)
    at /Users/jackonslow/USA Taxes/Documents/Voices_Tech/voices-radio/node_modules/.pnpm/next@14.2.5_@babel+core@7.23.2_react-dom@18.2.0_react@18.2.0__react@18.2.0/node_modules/next/dist/compiled/next-server/app-page.runtime.dev.js:35:265943
    at Object.toJSON (/Users/jackonslow/USA Taxes/Documents/Voices_Tech/voices-radio/node_modules/.pnpm/next@14.2.5_@babel+core@7.23.2_react-dom@18.2.0_react@18.2.0__react@18.2.0/node_modules/next/dist/compiled/next-server/app-page.runtime.dev.js:35:266407)
    at stringify (<anonymous>)
    at eq (/Users/jackonslow/USA Taxes/Documents/Voices_Tech/voices-radio/node_modules/.pnpm/next@14.2.5_@babel+core@7.23.2_react-dom@18.2.0_react@18.2.0__react@18.2.0/node_modules/next/dist/compiled/next-server/app-page.runtime.dev.js:35:274775)
    at eJ (/Users/jackonslow/USA Taxes/Documents/Voices_Tech/voices-radio/node_modules/.pnpm/next@14.2.5_@babel+core@7.23.2_react-dom@18.2.0_react@18.2.0__react@18.2.0/node_modules/next/dist/compiled/next-server/app-page.runtime.dev.js:35:275293)
    at Timeout._onTimeout (/Users/jackonslow/USA Taxes/Documents/Voices_Tech/voices-radio/node_modules/.pnpm/next@14.2.5_@babel+core@7.23.2_react-dom@18.2.0_react@18.2.0__react@18.2.0/node_modules/next/dist/compiled/next-server/app-page.runtime.dev.js:35:265080)
    at listOnTimeout (node:internal/timers:588:17)
    at process.processTimers (node:internal/timers:523:7)
[    1832ms] Error: Attempted to call filter() from the server but filter is on the client. It's not possible to invoke a client function from the server, it can only be rendered as a Component or passed to props of a Client Component.
    at Proxy.filter (/Users/jackonslow/USA Taxes/Documents/Voices_Tech/voices-radio/node_modules/.pnpm/next@14.2.5_@babel+core@7.23.2_react-dom@18.2.0_react@18.2.0__react@18.2.0/node_modules/next/dist/compiled/next-server/app-page.runtime.dev.js:35:255262)
    at GenreBlock (webpack-internal:///(rsc)/./app/(station)/explore/page.tsx:158:93)
    at e_ (/Users/jackonslow/USA Taxes/Documents/Voices_Tech/voices-radio/node_modules/.pnpm/next@14.2.5_@babel+core@7.23.2_react-dom@18.2.0_react@18.2.0__react@18.2.0/node_modules/next/dist/compiled/next-server/app-page.runtime.dev.js:35:264092)
    at e (/Users/jackonslow/USA Taxes/Documents/Voices_Tech/voices-radio/node_modules/.pnpm/next@14.2.5_@babel+core@7.23.2_react-dom@18.2.0_react@18.2.0__react@18.2.0/node_modules/next/dist/compiled/next-server/app-page.runtime.dev.js:35:268224)
    at eF (/Users/jackonslow/USA Taxes/Documents/Voices_Tech/voices-radio/node_modules/.pnpm/next@14.2.5_@babel+core@7.23.2_react-dom@18.2.0_react@18.2.0__react@18.2.0/node_modules/next/dist/compiled/next-server/app-page.runtime.dev.js:35:268712)
    at eq (/Users/jackonslow/USA Taxes/Documents/Voices_Tech/voices-radio/node_modules/.pnpm/next@14.2.5_@babel+core@7.23.2_react-dom@18.2.0_react@18.2.0__react@18.2.0/node_modules/next/dist/compiled/next-server/app-page.runtime.dev.js:35:274676)
    at ej (/Users/jackonslow/USA Taxes/Documents/Voices_Tech/voices-radio/node_modules/.pnpm/next@14.2.5_@babel+core@7.23.2_react-dom@18.2.0_react@18.2.0__react@18.2.0/node_modules/next/dist/compiled/next-server/app-page.runtime.dev.js:35:264920)
    at e_ (/Users/jackonslow/USA Taxes/Documents/Voices_Tech/voices-radio/node_modules/.pnpm/next@14.2.5_@babel+core@7.23.2_react-dom@18.2.0_react@18.2.0__react@18.2.0/node_modules/next/dist/compiled/next-server/app-page.runtime.dev.js:35:263962)
    at e (/Users/jackonslow/USA Taxes/Documents/Voices_Tech/voices-radio/node_modules/.pnpm/next@14.2.5_@babel+core@7.23.2_react-dom@18.2.0_react@18.2.0__react@18.2.0/node_modules/next/dist/compiled/next-server/app-page.runtime.dev.js:35:268224)
    at eF (/Users/jackonslow/USA Taxes/Documents/Voices_Tech/voices-radio/node_modules/.pnpm/next@14.2.5_@babel+core@7.23.2_react-dom@18.2.0_react@18.2.0__react@18.2.0/node_modules/next/dist/compiled/next-server/app-page.runtime.dev.js:35:268712)
    at /Users/jackonslow/USA Taxes/Documents/Voices_Tech/voices-radio/node_modules/.pnpm/next@14.2.5_@babel+core@7.23.2_react-dom@18.2.0_react@18.2.0__react@18.2.0/node_modules/next/dist/compiled/next-server/app-page.runtime.dev.js:35:265943
    at Object.toJSON (/Users/jackonslow/USA Taxes/Documents/Voices_Tech/voices-radio/node_modules/.pnpm/next@14.2.5_@babel+core@7.23.2_react-dom@18.2.0_react@18.2.0__react@18.2.0/node_modules/next/dist/compiled/next-server/app-page.runtime.dev.js:35:266407)
    at stringify (<anonymous>)
    at eq (/Users/jackonslow/USA Taxes/Documents/Voices_Tech/voices-radio/node_modules/.pnpm/next@14.2.5_@babel+core@7.23.2_react-dom@18.2.0_react@18.2.0__react@18.2.0/node_modules/next/dist/compiled/next-server/app-page.runtime.dev.js:35:274775)
    at eJ (/Users/jackonslow/USA Taxes/Documents/Voices_Tech/voices-radio/node_modules/.pnpm/next@14.2.5_@babel+core@7.23.2_react-dom@18.2.0_react@18.2.0__react@18.2.0/node_modules/next/dist/compiled/next-server/app-page.runtime.dev.js:35:275293)
    at Timeout._onTimeout (/Users/jackonslow/USA Taxes/Documents/Voices_Tech/voices-radio/node_modules/.pnpm/next@14.2.5_@babel+core@7.23.2_react-dom@18.2.0_react@18.2.0__react@18.2.0/node_modules/next/dist/compiled/next-server/app-page.runtime.dev.js:35:265080)
    at listOnTimeout (node:internal/timers:588:17)
    at process.processTimers (node:internal/timers:523:7)
[    1832ms] Error: Attempted to call filter() from the server but filter is on the client. It's not possible to invoke a client function from the server, it can only be rendered as a Component or passed to props of a Client Component.
    at Proxy.filter (/Users/jackonslow/USA Taxes/Documents/Voices_Tech/voices-radio/node_modules/.pnpm/next@14.2.5_@babel+core@7.23.2_react-dom@18.2.0_react@18.2.0__react@18.2.0/node_modules/next/dist/compiled/next-server/app-page.runtime.dev.js:35:255262)
    at GenreBlock (webpack-internal:///(rsc)/./app/(station)/explore/page.tsx:158:93)
    at e_ (/Users/jackonslow/USA Taxes/Documents/Voices_Tech/voices-radio/node_modules/.pnpm/next@14.2.5_@babel+core@7.23.2_react-dom@18.2.0_react@18.2.0__react@18.2.0/node_modules/next/dist/compiled/next-server/app-page.runtime.dev.js:35:264092)
    at e (/Users/jackonslow/USA Taxes/Documents/Voices_Tech/voices-radio/node_modules/.pnpm/next@14.2.5_@babel+core@7.23.2_react-dom@18.2.0_react@18.2.0__react@18.2.0/node_modules/next/dist/compiled/next-server/app-page.runtime.dev.js:35:268224)
    at eF (/Users/jackonslow/USA Taxes/Documents/Voices_Tech/voices-radio/node_modules/.pnpm/next@14.2.5_@babel+core@7.23.2_react-dom@18.2.0_react@18.2.0__react@18.2.0/node_modules/next/dist/compiled/next-server/app-page.runtime.dev.js:35:268712)
    at eq (/Users/jackonslow/USA Taxes/Documents/Voices_Tech/voices-radio/node_modules/.pnpm/next@14.2.5_@babel+core@7.23.2_react-dom@18.2.0_react@18.2.0__react@18.2.0/node_modules/next/dist/compiled/next-server/app-page.runtime.dev.js:35:274676)
    at ej (/Users/jackonslow/USA Taxes/Documents/Voices_Tech/voices-radio/node_modules/.pnpm/next@14.2.5_@babel+core@7.23.2_react-dom@18.2.0_react@18.2.0__react@18.2.0/node_modules/next/dist/compiled/next-server/app-page.runtime.dev.js:35:264920)
    at e_ (/Users/jackonslow/USA Taxes/Documents/Voices_Tech/voices-radio/node_modules/.pnpm/next@14.2.5_@babel+core@7.23.2_react-dom@18.2.0_react@18.2.0__react@18.2.0/node_modules/next/dist/compiled/next-server/app-page.runtime.dev.js:35:263962)
    at e (/Users/jackonslow/USA Taxes/Documents/Voices_Tech/voices-radio/node_modules/.pnpm/next@14.2.5_@babel+core@7.23.2_react-dom@18.2.0_react@18.2.0__react@18.2.0/node_modules/next/dist/compiled/next-server/app-page.runtime.dev.js:35:268224)
    at eF (/Users/jackonslow/USA Taxes/Documents/Voices_Tech/voices-radio/node_modules/.pnpm/next@14.2.5_@babel+core@7.23.2_react-dom@18.2.0_react@18.2.0__react@18.2.0/node_modules/next/dist/compiled/next-server/app-page.runtime.dev.js:35:268712)
    at /Users/jackonslow/USA Taxes/Documents/Voices_Tech/voices-radio/node_modules/.pnpm/next@14.2.5_@babel+core@7.23.2_react-dom@18.2.0_react@18.2.0__react@18.2.0/node_modules/next/dist/compiled/next-server/app-page.runtime.dev.js:35:265943
    at Object.toJSON (/Users/jackonslow/USA Taxes/Documents/Voices_Tech/voices-radio/node_modules/.pnpm/next@14.2.5_@babel+core@7.23.2_react-dom@18.2.0_react@18.2.0__react@18.2.0/node_modules/next/dist/compiled/next-server/app-page.runtime.dev.js:35:266407)
    at stringify (<anonymous>)
    at eq (/Users/jackonslow/USA Taxes/Documents/Voices_Tech/voices-radio/node_modules/.pnpm/next@14.2.5_@babel+core@7.23.2_react-dom@18.2.0_react@18.2.0__react@18.2.0/node_modules/next/dist/compiled/next-server/app-page.runtime.dev.js:35:274775)
    at eJ (/Users/jackonslow/USA Taxes/Documents/Voices_Tech/voices-radio/node_modules/.pnpm/next@14.2.5_@babel+core@7.23.2_react-dom@18.2.0_react@18.2.0__react@18.2.0/node_modules/next/dist/compiled/next-server/app-page.runtime.dev.js:35:275293)
    at Timeout._onTimeout (/Users/jackonslow/USA Taxes/Documents/Voices_Tech/voices-radio/node_modules/.pnpm/next@14.2.5_@babel+core@7.23.2_react-dom@18.2.0_react@18.2.0__react@18.2.0/node_modules/next/dist/compiled/next-server/app-page.runtime.dev.js:35:265080)
    at listOnTimeout (node:internal/timers:588:17)
    at process.processTimers (node:internal/timers:523:7)
[    1832ms] Error: Attempted to call filter() from the server but filter is on the client. It's not possible to invoke a client function from the server, it can only be rendered as a Component or passed to props of a Client Component.
    at Proxy.filter (/Users/jackonslow/USA Taxes/Documents/Voices_Tech/voices-radio/node_modules/.pnpm/next@14.2.5_@babel+core@7.23.2_react-dom@18.2.0_react@18.2.0__react@18.2.0/node_modules/next/dist/compiled/next-server/app-page.runtime.dev.js:35:255262)
    at GenreBlock (webpack-internal:///(rsc)/./app/(station)/explore/page.tsx:158:93)
    at e_ (/Users/jackonslow/USA Taxes/Documents/Voices_Tech/voices-radio/node_modules/.pnpm/next@14.2.5_@babel+core@7.23.2_react-dom@18.2.0_react@18.2.0__react@18.2.0/node_modules/next/dist/compiled/next-server/app-page.runtime.dev.js:35:264092)
    at e (/Users/jackonslow/USA Taxes/Documents/Voices_Tech/voices-radio/node_modules/.pnpm/next@14.2.5_@babel+core@7.23.2_react-dom@18.2.0_react@18.2.0__react@18.2.0/node_modules/next/dist/compiled/next-server/app-page.runtime.dev.js:35:268224)
    at eF (/Users/jackonslow/USA Taxes/Documents/Voices_Tech/voices-radio/node_modules/.pnpm/next@14.2.5_@babel+core@7.23.2_react-dom@18.2.0_react@18.2.0__react@18.2.0/node_modules/next/dist/compiled/next-server/app-page.runtime.dev.js:35:268712)
    at eq (/Users/jackonslow/USA Taxes/Documents/Voices_Tech/voices-radio/node_modules/.pnpm/next@14.2.5_@babel+core@7.23.2_react-dom@18.2.0_react@18.2.0__react@18.2.0/node_modules/next/dist/compiled/next-server/app-page.runtime.dev.js:35:274676)
    at ej (/Users/jackonslow/USA Taxes/Documents/Voices_Tech/voices-radio/node_modules/.pnpm/next@14.2.5_@babel+core@7.23.2_react-dom@18.2.0_react@18.2.0__react@18.2.0/node_modules/next/dist/compiled/next-server/app-page.runtime.dev.js:35:264920)
    at e_ (/Users/jackonslow/USA Taxes/Documents/Voices_Tech/voices-radio/node_modules/.pnpm/next@14.2.5_@babel+core@7.23.2_react-dom@18.2.0_react@18.2.0__react@18.2.0/node_modules/next/dist/compiled/next-server/app-page.runtime.dev.js:35:263962)
    at e (/Users/jackonslow/USA Taxes/Documents/Voices_Tech/voices-radio/node_modules/.pnpm/next@14.2.5_@babel+core@7.23.2_react-dom@18.2.0_react@18.2.0__react@18.2.0/node_modules/next/dist/compiled/next-server/app-page.runtime.dev.js:35:268224)
    at eF (/Users/jackonslow/USA Taxes/Documents/Voices_Tech/voices-radio/node_modules/.pnpm/next@14.2.5_@babel+core@7.23.2_react-dom@18.2.0_react@18.2.0__react@18.2.0/node_modules/next/dist/compiled/next-server/app-page.runtime.dev.js:35:268712)
    at /Users/jackonslow/USA Taxes/Documents/Voices_Tech/voices-radio/node_modules/.pnpm/next@14.2.5_@babel+core@7.23.2_react-dom@18.2.0_react@18.2.0__react@18.2.0/node_modules/next/dist/compiled/next-server/app-page.runtime.dev.js:35:265943
    at Object.toJSON (/Users/jackonslow/USA Taxes/Documents/Voices_Tech/voices-radio/node_modules/.pnpm/next@14.2.5_@babel+core@7.23.2_react-dom@18.2.0_react@18.2.0__react@18.2.0/node_modules/next/dist/compiled/next-server/app-page.runtime.dev.js:35:266407)
    at stringify (<anonymous>)
    at eq (/Users/jackonslow/USA Taxes/Documents/Voices_Tech/voices-radio/node_modules/.pnpm/next@14.2.5_@babel+core@7.23.2_react-dom@18.2.0_react@18.2.0__react@18.2.0/node_modules/next/dist/compiled/next-server/app-page.runtime.dev.js:35:274775)
    at eJ (/Users/jackonslow/USA Taxes/Documents/Voices_Tech/voices-radio/node_modules/.pnpm/next@14.2.5_@babel+core@7.23.2_react-dom@18.2.0_react@18.2.0__react@18.2.0/node_modules/next/dist/compiled/next-server/app-page.runtime.dev.js:35:275293)
    at Timeout._onTimeout (/Users/jackonslow/USA Taxes/Documents/Voices_Tech/voices-radio/node_modules/.pnpm/next@14.2.5_@babel+core@7.23.2_react-dom@18.2.0_react@18.2.0__react@18.2.0/node_modules/next/dist/compiled/next-server/app-page.runtime.dev.js:35:265080)
    at listOnTimeout (node:internal/timers:588:17)
    at process.processTimers (node:internal/timers:523:7)
[    1832ms] Error: Attempted to call filter() from the server but filter is on the client. It's not possible to invoke a client function from the server, it can only be rendered as a Component or passed to props of a Client Component.
    at Proxy.filter (/Users/jackonslow/USA Taxes/Documents/Voices_Tech/voices-radio/node_modules/.pnpm/next@14.2.5_@babel+core@7.23.2_react-dom@18.2.0_react@18.2.0__react@18.2.0/node_modules/next/dist/compiled/next-server/app-page.runtime.dev.js:35:255262)
    at GenreBlock (webpack-internal:///(rsc)/./app/(station)/explore/page.tsx:158:93)
    at e_ (/Users/jackonslow/USA Taxes/Documents/Voices_Tech/voices-radio/node_modules/.pnpm/next@14.2.5_@babel+core@7.23.2_react-dom@18.2.0_react@18.2.0__react@18.2.0/node_modules/next/dist/compiled/next-server/app-page.runtime.dev.js:35:264092)
    at e (/Users/jackonslow/USA Taxes/Documents/Voices_Tech/voices-radio/node_modules/.pnpm/next@14.2.5_@babel+core@7.23.2_react-dom@18.2.0_react@18.2.0__react@18.2.0/node_modules/next/dist/compiled/next-server/app-page.runtime.dev.js:35:268224)
    at eF (/Users/jackonslow/USA Taxes/Documents/Voices_Tech/voices-radio/node_modules/.pnpm/next@14.2.5_@babel+core@7.23.2_react-dom@18.2.0_react@18.2.0__react@18.2.0/node_modules/next/dist/compiled/next-server/app-page.runtime.dev.js:35:268712)
    at eq (/Users/jackonslow/USA Taxes/Documents/Voices_Tech/voices-radio/node_modules/.pnpm/next@14.2.5_@babel+core@7.23.2_react-dom@18.2.0_react@18.2.0__react@18.2.0/node_modules/next/dist/compiled/next-server/app-page.runtime.dev.js:35:274676)
    at ej (/Users/jackonslow/USA Taxes/Documents/Voices_Tech/voices-radio/node_modules/.pnpm/next@14.2.5_@babel+core@7.23.2_react-dom@18.2.0_react@18.2.0__react@18.2.0/node_modules/next/dist/compiled/next-server/app-page.runtime.dev.js:35:264920)
    at e_ (/Users/jackonslow/USA Taxes/Documents/Voices_Tech/voices-radio/node_modules/.pnpm/next@14.2.5_@babel+core@7.23.2_react-dom@18.2.0_react@18.2.0__react@18.2.0/node_modules/next/dist/compiled/next-server/app-page.runtime.dev.js:35:263962)
    at e (/Users/jackonslow/USA Taxes/Documents/Voices_Tech/voices-radio/node_modules/.pnpm/next@14.2.5_@babel+core@7.23.2_react-dom@18.2.0_react@18.2.0__react@18.2.0/node_modules/next/dist/compiled/next-server/app-page.runtime.dev.js:35:268224)
    at eF (/Users/jackonslow/USA Taxes/Documents/Voices_Tech/voices-radio/node_modules/.pnpm/next@14.2.5_@babel+core@7.23.2_react-dom@18.2.0_react@18.2.0__react@18.2.0/node_modules/next/dist/compiled/next-server/app-page.runtime.dev.js:35:268712)
    at /Users/jackonslow/USA Taxes/Documents/Voices_Tech/voices-radio/node_modules/.pnpm/next@14.2.5_@babel+core@7.23.2_react-dom@18.2.0_react@18.2.0__react@18.2.0/node_modules/next/dist/compiled/next-server/app-page.runtime.dev.js:35:265943
    at Object.toJSON (/Users/jackonslow/USA Taxes/Documents/Voices_Tech/voices-radio/node_modules/.pnpm/next@14.2.5_@babel+core@7.23.2_react-dom@18.2.0_react@18.2.0__react@18.2.0/node_modules/next/dist/compiled/next-server/app-page.runtime.dev.js:35:266407)
    at stringify (<anonymous>)
    at eq (/Users/jackonslow/USA Taxes/Documents/Voices_Tech/voices-radio/node_modules/.pnpm/next@14.2.5_@babel+core@7.23.2_react-dom@18.2.0_react@18.2.0__react@18.2.0/node_modules/next/dist/compiled/next-server/app-page.runtime.dev.js:35:274775)
    at eJ (/Users/jackonslow/USA Taxes/Documents/Voices_Tech/voices-radio/node_modules/.pnpm/next@14.2.5_@babel+core@7.23.2_react-dom@18.2.0_react@18.2.0__react@18.2.0/node_modules/next/dist/compiled/next-server/app-page.runtime.dev.js:35:275293)
    at Timeout._onTimeout (/Users/jackonslow/USA Taxes/Documents/Voices_Tech/voices-radio/node_modules/.pnpm/next@14.2.5_@babel+core@7.23.2_react-dom@18.2.0_react@18.2.0__react@18.2.0/node_modules/next/dist/compiled/next-server/app-page.runtime.dev.js:35:265080)
    at listOnTimeout (node:internal/timers:588:17)
    at process.processTimers (node:internal/timers:523:7)
[    1832ms] Error: Attempted to call filter() from the server but filter is on the client. It's not possible to invoke a client function from the server, it can only be rendered as a Component or passed to props of a Client Component.
    at Proxy.filter (/Users/jackonslow/USA Taxes/Documents/Voices_Tech/voices-radio/node_modules/.pnpm/next@14.2.5_@babel+core@7.23.2_react-dom@18.2.0_react@18.2.0__react@18.2.0/node_modules/next/dist/compiled/next-server/app-page.runtime.dev.js:35:255262)
    at GenreBlock (webpack-internal:///(rsc)/./app/(station)/explore/page.tsx:158:93)
    at e_ (/Users/jackonslow/USA Taxes/Documents/Voices_Tech/voices-radio/node_modules/.pnpm/next@14.2.5_@babel+core@7.23.2_react-dom@18.2.0_react@18.2.0__react@18.2.0/node_modules/next/dist/compiled/next-server/app-page.runtime.dev.js:35:264092)
    at e (/Users/jackonslow/USA Taxes/Documents/Voices_Tech/voices-radio/node_modules/.pnpm/next@14.2.5_@babel+core@7.23.2_react-dom@18.2.0_react@18.2.0__react@18.2.0/node_modules/next/dist/compiled/next-server/app-page.runtime.dev.js:35:268224)
    at eF (/Users/jackonslow/USA Taxes/Documents/Voices_Tech/voices-radio/node_modules/.pnpm/next@14.2.5_@babel+core@7.23.2_react-dom@18.2.0_react@18.2.0__react@18.2.0/node_modules/next/dist/compiled/next-server/app-page.runtime.dev.js:35:268712)
    at eq (/Users/jackonslow/USA Taxes/Documents/Voices_Tech/voices-radio/node_modules/.pnpm/next@14.2.5_@babel+core@7.23.2_react-dom@18.2.0_react@18.2.0__react@18.2.0/node_modules/next/dist/compiled/next-server/app-page.runtime.dev.js:35:274676)
    at ej (/Users/jackonslow/USA Taxes/Documents/Voices_Tech/voices-radio/node_modules/.pnpm/next@14.2.5_@babel+core@7.23.2_react-dom@18.2.0_react@18.2.0__react@18.2.0/node_modules/next/dist/compiled/next-server/app-page.runtime.dev.js:35:264920)
    at e_ (/Users/jackonslow/USA Taxes/Documents/Voices_Tech/voices-radio/node_modules/.pnpm/next@14.2.5_@babel+core@7.23.2_react-dom@18.2.0_react@18.2.0__react@18.2.0/node_modules/next/dist/compiled/next-server/app-page.runtime.dev.js:35:263962)
    at e (/Users/jackonslow/USA Taxes/Documents/Voices_Tech/voices-radio/node_modules/.pnpm/next@14.2.5_@babel+core@7.23.2_react-dom@18.2.0_react@18.2.0__react@18.2.0/node_modules/next/dist/compiled/next-server/app-page.runtime.dev.js:35:268224)
    at eF (/Users/jackonslow/USA Taxes/Documents/Voices_Tech/voices-radio/node_modules/.pnpm/next@14.2.5_@babel+core@7.23.2_react-dom@18.2.0_react@18.2.0__react@18.2.0/node_modules/next/dist/compiled/next-server/app-page.runtime.dev.js:35:268712)
    at /Users/jackonslow/USA Taxes/Documents/Voices_Tech/voices-radio/node_modules/.pnpm/next@14.2.5_@babel+core@7.23.2_react-dom@18.2.0_react@18.2.0__react@18.2.0/node_modules/next/dist/compiled/next-server/app-page.runtime.dev.js:35:265943
    at Object.toJSON (/Users/jackonslow/USA Taxes/Documents/Voices_Tech/voices-radio/node_modules/.pnpm/next@14.2.5_@babel+core@7.23.2_react-dom@18.2.0_react@18.2.0__react@18.2.0/node_modules/next/dist/compiled/next-server/app-page.runtime.dev.js:35:266407)
    at stringify (<anonymous>)
    at eq (/Users/jackonslow/USA Taxes/Documents/Voices_Tech/voices-radio/node_modules/.pnpm/next@14.2.5_@babel+core@7.23.2_react-dom@18.2.0_react@18.2.0__react@18.2.0/node_modules/next/dist/compiled/next-server/app-page.runtime.dev.js:35:274775)
    at eJ (/Users/jackonslow/USA Taxes/Documents/Voices_Tech/voices-radio/node_modules/.pnpm/next@14.2.5_@babel+core@7.23.2_react-dom@18.2.0_react@18.2.0__react@18.2.0/node_modules/next/dist/compiled/next-server/app-page.runtime.dev.js:35:275293)
    at Timeout._onTimeout (/Users/jackonslow/USA Taxes/Documents/Voices_Tech/voices-radio/node_modules/.pnpm/next@14.2.5_@babel+core@7.23.2_react-dom@18.2.0_react@18.2.0__react@18.2.0/node_modules/next/dist/compiled/next-server/app-page.runtime.dev.js:35:265080)
    at listOnTimeout (node:internal/timers:588:17)
    at process.processTimers (node:internal/timers:523:7)
[    1813ms] [ERROR] The above error occurred in the <NotFoundErrorBoundary> component:

    at div
    at main
    at ExplorePage (Server)
    at InnerLayoutRouter (webpack-internal:///(app-pages-browser)/./node_modules/.pnpm/next@14.2.5_@babel+core@7.23.2_react-dom@18.2.0_react@18.2.0__react@18.2.0/node_modules/next/dist/client/components/layout-router.js:243:11)
    at RedirectErrorBoundary (webpack-internal:///(app-pages-browser)/./node_modules/.pnpm/next@14.2.5_@babel+core@7.23.2_react-dom@18.2.0_react@18.2.0__react@18.2.0/node_modules/next/dist/client/components/redirect-boundary.js:74:9)
    at RedirectBoundary (webpack-internal:///(app-pages-browser)/./node_modules/.pnpm/next@14.2.5_@babel+core@7.23.2_react-dom@18.2.0_react@18.2.0__react@18.2.0/node_modules/next/dist/client/components/redirect-boundary.js:82:11)
    at NotFoundBoundary (webpack-internal:///(app-pages-browser)/./node_modules/.pnpm/next@14.2.5_@babel+core@7.23.2_react-dom@18.2.0_react@18.2.0__react@18.2.0/node_modules/next/dist/client/components/not-found-boundary.js:84:11)
    at LoadingBoundary (webpack-internal:///(app-pages-browser)/./node_modules/.pnpm/next@14.2.5_@babel+core@7.23.2_react-dom@18.2.0_react@18.2.0__react@18.2.0/node_modules/next/dist/client/components/layout-router.js:349:11)
    at ErrorBoundary (webpack-internal:///(app-pages-browser)/./node_modules/.pnpm/next@14.2.5_@babel+core@7.23.2_react-dom@18.2.0_react@18.2.0__react@18.2.0/node_modules/next/dist/client/components/error-boundary.js:160:11)
    at InnerScrollAndFocusHandler (webpack-internal:///(app-pages-browser)/./node_modules/.pnpm/next@14.2.5_@babel+core@7.23.2_react-dom@18.2.0_react@18.2.0__react@18.2.0/node_modules/next/dist/client/components/layout-router.js:153:9)
    at ScrollAndFocusHandler (webpack-internal:///(app-pages-browser)/./node_modules/.pnpm/next@14.2.5_@babel+core@7.23.2_react-dom@18.2.0_react@18.2.0__react@18.2.0/node_modules/next/dist/client/components/layout-router.js:228:11)
    at RenderFromTemplateContext (webpack-internal:///(app-pages-browser)/./node_modules/.pnpm/next@14.2.5_@babel+core@7.23.2_react-dom@18.2.0_react@18.2.0__react@18.2.0/node_modules/next/dist/client/components/render-from-template-context.js:16:44)
    at OuterLayoutRouter (webpack-internal:///(app-pages-browser)/./node_modules/.pnpm/next@14.2.5_@babel+core@7.23.2_react-dom@18.2.0_react@18.2.0__react@18.2.0/node_modules/next/dist/client/components/layout-router.js:370:11)
    at InnerLayoutRouter (webpack-internal:///(app-pages-browser)/./node_modules/.pnpm/next@14.2.5_@babel+core@7.23.2_react-dom@18.2.0_react@18.2.0__react@18.2.0/node_modules/next/dist/client/components/layout-router.js:243:11)
    at RedirectErrorBoundary (webpack-internal:///(app-pages-browser)/./node_modules/.pnpm/next@14.2.5_@babel+core@7.23.2_react-dom@18.2.0_react@18.2.0__react@18.2.0/node_modules/next/dist/client/components/redirect-boundary.js:74:9)
    at RedirectBoundary (webpack-internal:///(app-pages-browser)/./node_modules/.pnpm/next@14.2.5_@babel+core@7.23.2_react-dom@18.2.0_react@18.2.0__react@18.2.0/node_modules/next/dist/client/components/redirect-boundary.js:82:11)
    at NotFoundErrorBoundary (webpack-internal:///(app-pages-browser)/./node_modules/.pnpm/next@14.2.5_@babel+core@7.23.2_react-dom@18.2.0_react@18.2.0__react@18.2.0/node_modules/next/dist/client/components/not-found-boundary.js:76:9)
    at NotFoundBoundary (webpack-internal:///(app-pages-browser)/./node_modules/.pnpm/next@14.2.5_@babel+core@7.23.2_react-dom@18.2.0_react@18.2.0__react@18.2.0/node_modules/next/dist/client/components/not-found-boundary.js:84:11)
    at Suspense
    at LoadingBoundary (webpack-internal:///(app-pages-browser)/./node_modules/.pnpm/next@14.2.5_@babel+core@7.23.2_react-dom@18.2.0_react@18.2.0__react@18.2.0/node_modules/next/dist/client/components/layout-router.js:349:11)
    at ErrorBoundaryHandler (webpack-internal:///(app-pages-browser)/./node_modules/.pnpm/next@14.2.5_@babel+core@7.23.2_react-dom@18.2.0_react@18.2.0__react@18.2.0/node_modules/next/dist/client/components/error-boundary.js:113:9)
    at ErrorBoundary (webpack-internal:///(app-pages-browser)/./node_modules/.pnpm/next@14.2.5_@babel+core@7.23.2_react-dom@18.2.0_react@18.2.0__react@18.2.0/node_modules/next/dist/client/components/error-boundary.js:160:11)
    at InnerScrollAndFocusHandler (webpack-internal:///(app-pages-browser)/./node_modules/.pnpm/next@14.2.5_@babel+core@7.23.2_react-dom@18.2.0_react@18.2.0__react@18.2.0/node_modules/next/dist/client/components/layout-router.js:153:9)
    at ScrollAndFocusHandler (webpack-internal:///(app-pages-browser)/./node_modules/.pnpm/next@14.2.5_@babel+core@7.23.2_react-dom@18.2.0_react@18.2.0__react@18.2.0/node_modules/next/dist/client/components/layout-router.js:228:11)
    at RenderFromTemplateContext (webpack-internal:///(app-pages-browser)/./node_modules/.pnpm/next@14.2.5_@babel+core@7.23.2_react-dom@18.2.0_react@18.2.0__react@18.2.0/node_modules/next/dist/client/components/render-from-template-context.js:16:44)
    at OuterLayoutRouter (webpack-internal:///(app-pages-browser)/./node_modules/.pnpm/next@14.2.5_@babel+core@7.23.2_react-dom@18.2.0_react@18.2.0__react@18.2.0/node_modules/next/dist/client/components/layout-router.js:370:11)
    at div
    at RedesignShell (Server)
    at StationLayout (Server)
    at InnerLayoutRouter (webpack-internal:///(app-pages-browser)/./node_modules/.pnpm/next@14.2.5_@babel+core@7.23.2_react-dom@18.2.0_react@18.2.0__react@18.2.0/node_modules/next/dist/client/components/layout-router.js:243:11)
    at RedirectErrorBoundary (webpack-internal:///(app-pages-browser)/./node_modules/.pnpm/next@14.2.5_@babel+core@7.23.2_react-dom@18.2.0_react@18.2.0__react@18.2.0/node_modules/next/dist/client/components/redirect-boundary.js:74:9)
    at RedirectBoundary (webpack-internal:///(app-pages-browser)/./node_modules/.pnpm/next@14.2.5_@babel+core@7.23.2_react-dom@18.2.0_react@18.2.0__react@18.2.0/node_modules/next/dist/client/components/redirect-boundary.js:82:11)
    at NotFoundErrorBoundary (webpack-internal:///(app-pages-browser)/./node_modules/.pnpm/next@14.2.5_@babel+core@7.23.2_react-dom@18.2.0_react@18.2.0__react@18.2.0/node_modules/next/dist/client/components/not-found-boundary.js:76:9)
    at NotFoundBoundary (webpack-internal:///(app-pages-browser)/./node_modules/.pnpm/next@14.2.5_@babel+core@7.23.2_react-dom@18.2.0_react@18.2.0__react@18.2.0/node_modules/next/dist/client/components/not-found-boundary.js:84:11)
    at LoadingBoundary (webpack-internal:///(app-pages-browser)/./node_modules/.pnpm/next@14.2.5_@babel+core@7.23.2_react-dom@18.2.0_react@18.2.0__react@18.2.0/node_modules/next/dist/client/components/layout-router.js:349:11)
    at ErrorBoundary (webpack-internal:///(app-pages-browser)/./node_modules/.pnpm/next@14.2.5_@babel+core@7.23.2_react-dom@18.2.0_react@18.2.0__react@18.2.0/node_modules/next/dist/client/components/error-boundary.js:160:11)
    at InnerScrollAndFocusHandler (webpack-internal:///(app-pages-browser)/./node_modules/.pnpm/next@14.2.5_@babel+core@7.23.2_react-dom@18.2.0_react@18.2.0__react@18.2.0/node_modules/next/dist/client/components/layout-router.js:153:9)
    at ScrollAndFocusHandler (webpack-internal:///(app-pages-browser)/./node_modules/.pnpm/next@14.2.5_@babel+core@7.23.2_react-dom@18.2.0_react@18.2.0__react@18.2.0/node_modules/next/dist/client/components/layout-router.js:228:11)
    at RenderFromTemplateContext (webpack-internal:///(app-pages-browser)/./node_modules/.pnpm/next@14.2.5_@babel+core@7.23.2_react-dom@18.2.0_react@18.2.0__react@18.2.0/node_modules/next/dist/client/components/render-from-template-context.js:16:44)
    at OuterLayoutRouter (webpack-internal:///(app-pages-browser)/./node_modules/.pnpm/next@14.2.5_@babel+core@7.23.2_react-dom@18.2.0_react@18.2.0__react@18.2.0/node_modules/next/dist/client/components/layout-router.js:370:11)
    at body
    at html
    at RootLayout (Server)
    at RedirectErrorBoundary (webpack-internal:///(app-pages-browser)/./node_modules/.pnpm/next@14.2.5_@babel+core@7.23.2_react-dom@18.2.0_react@18.2.0__react@18.2.0/node_modules/next/dist/client/components/redirect-boundary.js:74:9)
    at RedirectBoundary (webpack-internal:///(app-pages-browser)/./node_modules/.pnpm/next@14.2.5_@babel+core@7.23.2_react-dom@18.2.0_react@18.2.0__react@18.2.0/node_modules/next/dist/client/components/redirect-boundary.js:82:11)
    at NotFoundErrorBoundary (webpack-internal:///(app-pages-browser)/./node_modules/.pnpm/next@14.2.5_@babel+core@7.23.2_react-dom@18.2.0_react@18.2.0__react@18.2.0/node_modules/next/dist/client/components/not-found-boundary.js:76:9)
    at NotFoundBoundary (webpack-internal:///(app-pages-browser)/./node_modules/.pnpm/next@14.2.5_@babel+core@7.23.2_react-dom@18.2.0_react@18.2.0__react@18.2.0/node_modules/next/dist/client/components/not-found-boundary.js:84:11)
    at DevRootNotFoundBoundary (webpack-internal:///(app-pages-browser)/./node_modules/.pnpm/next@14.2.5_@babel+core@7.23.2_react-dom@18.2.0_react@18.2.0__react@18.2.0/node_modules/next/dist/client/components/dev-root-not-found-boundary.js:33:11)
    at ReactDevOverlay (webpack-internal:///(app-pages-browser)/./node_modules/.pnpm/next@14.2.5_@babel+core@7.23.2_react-dom@18.2.0_react@18.2.0__react@18.2.0/node_modules/next/dist/client/components/react-dev-overlay/app/ReactDevOverlay.js:87:9)
    at HotReload (webpack-internal:///(app-pages-browser)/./node_modules/.pnpm/next@14.2.5_@babel+core@7.23.2_react-dom@18.2.0_react@18.2.0__react@18.2.0/node_modules/next/dist/client/components/react-dev-overlay/app/hot-reloader-client.js:321:11)
    at Router (webpack-internal:///(app-pages-browser)/./node_modules/.pnpm/next@14.2.5_@babel+core@7.23.2_react-dom@18.2.0_react@18.2.0__react@18.2.0/node_modules/next/dist/client/components/app-router.js:207:11)
    at ErrorBoundaryHandler (webpack-internal:///(app-pages-browser)/./node_modules/.pnpm/next@14.2.5_@babel+core@7.23.2_react-dom@18.2.0_react@18.2.0__react@18.2.0/node_modules/next/dist/client/components/error-boundary.js:113:9)
    at ErrorBoundary (webpack-internal:///(app-pages-browser)/./node_modules/.pnpm/next@14.2.5_@babel+core@7.23.2_react-dom@18.2.0_react@18.2.0__react@18.2.0/node_modules/next/dist/client/components/error-boundary.js:160:11)
    at AppRouter (webpack-internal:///(app-pages-browser)/./node_modules/.pnpm/next@14.2.5_@babel+core@7.23.2_react-dom@18.2.0_react@18.2.0__react@18.2.0/node_modules/next/dist/client/components/app-router.js:585:13)
    at ServerRoot (webpack-internal:///(app-pages-browser)/./node_modules/.pnpm/next@14.2.5_@babel+core@7.23.2_react-dom@18.2.0_react@18.2.0__react@18.2.0/node_modules/next/dist/client/app-index.js:112:27)
    at Root (webpack-internal:///(app-pages-browser)/./node_modules/.pnpm/next@14.2.5_@babel+core@7.23.2_react-dom@18.2.0_react@18.2.0__react@18.2.0/node_modules/next/dist/client/app-index.js:117:11)

React will try to recreate this component tree from scratch using the error boundary you provided, ErrorBoundaryHandler. @ webpack-internal:///(app-pages-browser)/./node_modules/.pnpm/next@14.2.5_@babel+core@7.23.2_react-dom@18.2.0_react@18.2.0__react@18.2.0/node_modules/next/dist/client/app-index.js:32
[   25154ms] [LOG] [Fast Refresh] rebuilding @ webpack-internal:///(app-pages-browser)/./node_modules/.pnpm/next@14.2.5_@babel+core@7.23.2_react-dom@18.2.0_react@18.2.0__react@18.2.0/node_modules/next/dist/client/components/react-dev-overlay/app/hot-reloader-client.js:186
[   25537ms] [WARNING] [Fast Refresh] performing full reload

Fast Refresh will perform a full reload when you edit a file that's imported by modules outside of the React rendering tree.
You might have a file which exports a React component but also exports a value that is imported by a non-React component file.
Consider migrating the non-React component export to a separate file and importing it into both files.

It is also possible the parent component of the component you edited is a class component, which disables Fast Refresh.
Fast Refresh requires at least one parent function component in your React tree. @ webpack-internal:///(app-pages-browser)/./node_modules/.pnpm/next@14.2.5_@babel+core@7.23.2_react-dom@18.2.0_react@18.2.0__react@18.2.0/node_modules/next/dist/client/components/react-dev-overlay/app/hot-reloader-client.js:112
[   25942ms] [INFO] %cDownload the React DevTools for a better development experience: https://reactjs.org/link/react-devtools font-weight:bold @ webpack-internal:///(app-pages-browser)/./node_modules/.pnpm/next@14.2.5_@babel+core@7.23.2_react-dom@18.2.0_react@18.2.0__react@18.2.0/node_modules/next/dist/compiled/react-dom/cjs/react-dom.development.js:38559
[   84809ms] [LOG] [Fast Refresh] rebuilding @ webpack-internal:///(app-pages-browser)/./node_modules/.pnpm/next@14.2.5_@babel+core@7.23.2_react-dom@18.2.0_react@18.2.0__react@18.2.0/node_modules/next/dist/client/components/react-dev-overlay/app/hot-reloader-client.js:186
[   85048ms] [LOG] [Fast Refresh] rebuilding @ webpack-internal:///(app-pages-browser)/./node_modules/.pnpm/next@14.2.5_@babel+core@7.23.2_react-dom@18.2.0_react@18.2.0__react@18.2.0/node_modules/next/dist/client/components/react-dev-overlay/app/hot-reloader-client.js:186
[   85051ms] [LOG] [Fast Refresh] done in 2ms @ webpack-internal:///(app-pages-browser)/./node_modules/.pnpm/next@14.2.5_@babel+core@7.23.2_react-dom@18.2.0_react@18.2.0__react@18.2.0/node_modules/next/dist/client/components/react-dev-overlay/app/hot-reloader-client.js:43
[   85399ms] [LOG] [Fast Refresh] done in 350ms @ webpack-internal:///(app-pages-browser)/./node_modules/.pnpm/next@14.2.5_@babel+core@7.23.2_react-dom@18.2.0_react@18.2.0__react@18.2.0/node_modules/next/dist/client/components/react-dev-overlay/app/hot-reloader-client.js:43
[   85409ms] [ERROR] Failed to load resource: the server responded with a status of 404 (Not Found) @ http://localhost:3002/_next/static/webpack/798d8b5fad30d02b.webpack.hot-update.json:0
[   85730ms] [INFO] %cDownload the React DevTools for a better development experience: https://reactjs.org/link/react-devtools font-weight:bold @ webpack-internal:///(app-pages-browser)/./node_modules/.pnpm/next@14.2.5_@babel+core@7.23.2_react-dom@18.2.0_react@18.2.0__react@18.2.0/node_modules/next/dist/compiled/react-dom/cjs/react-dom.development.js:38559
[  125918ms] [LOG] [Fast Refresh] rebuilding @ webpack-internal:///(app-pages-browser)/./node_modules/.pnpm/next@14.2.5_@babel+core@7.23.2_react-dom@18.2.0_react@18.2.0__react@18.2.0/node_modules/next/dist/client/components/react-dev-overlay/app/hot-reloader-client.js:186
[  126125ms] [LOG] [Fast Refresh] done in 207ms @ webpack-internal:///(app-pages-browser)/./node_modules/.pnpm/next@14.2.5_@babel+core@7.23.2_react-dom@18.2.0_react@18.2.0__react@18.2.0/node_modules/next/dist/client/components/react-dev-overlay/app/hot-reloader-client.js:43
[  224238ms] [LOG] [Fast Refresh] rebuilding @ webpack-internal:///(app-pages-browser)/./node_modules/.pnpm/next@14.2.5_@babel+core@7.23.2_react-dom@18.2.0_react@18.2.0__react@18.2.0/node_modules/next/dist/client/components/react-dev-overlay/app/hot-reloader-client.js:186
[  225654ms] [LOG] [Fast Refresh] rebuilding @ webpack-internal:///(app-pages-browser)/./node_modules/.pnpm/next@14.2.5_@babel+core@7.23.2_react-dom@18.2.0_react@18.2.0__react@18.2.0/node_modules/next/dist/client/components/react-dev-overlay/app/hot-reloader-client.js:186
[  226132ms] [ERROR] Failed to load resource: the server responded with a status of 500 (Internal Server Error) @ http://localhost:3002/_next/static/css/app/layout.css?v=1782492299833:0
[  226171ms] [LOG] [Fast Refresh] done in 517ms @ webpack-internal:///(app-pages-browser)/./node_modules/.pnpm/next@14.2.5_@babel+core@7.23.2_react-dom@18.2.0_react@18.2.0__react@18.2.0/node_modules/next/dist/client/components/react-dev-overlay/app/hot-reloader-client.js:43
[  226246ms] [ERROR] Failed to load resource: the server responded with a status of 404 (Not Found) @ http://localhost:3002/_next/static/css/app/layout.css?v=1782492301818:0
[  226293ms] Event
[  226298ms] [WARNING] Image with src "https://i1.sndcdn.com/artworks-AK7cRXdMaIV1evbX-oAEGtA-t500x500.jpg" has "fill" and parent element with invalid "position". Provided "static" should be one of absolute,fixed,relative. @ webpack-internal:///(app-pages-browser)/./node_modules/.pnpm/next@14.2.5_@babel+core@7.23.2_react-dom@18.2.0_react@18.2.0__react@18.2.0/node_modules/next/dist/shared/lib/utils/warn-once.js:15
[  226300ms] [WARNING] Image with src "https://i1.sndcdn.com/artworks-TPj1EoXMe0oj9UAJ-t6VDJQ-t500x500.jpg" has "fill" and parent element with invalid "position". Provided "static" should be one of absolute,fixed,relative. @ webpack-internal:///(app-pages-browser)/./node_modules/.pnpm/next@14.2.5_@babel+core@7.23.2_react-dom@18.2.0_react@18.2.0__react@18.2.0/node_modules/next/dist/shared/lib/utils/warn-once.js:15
[  229298ms] [WARNING] The resource http://localhost:3002/_next/static/css/app/layout.css?v=1782492299833 was preloaded using link preload but not used within a few seconds from the window's load event. Please make sure it has an appropriate `as` value and it is preloaded intentionally. @ http://localhost:3002/explore:0
