[    1416ms] [INFO] %cDownload the React DevTools for a better development experience: https://reactjs.org/link/react-devtools font-weight:bold @ webpack-internal:///(app-pages-browser)/./node_modules/.pnpm/next@14.2.5_@babel+core@7.23.2_react-dom@18.2.0_react@18.2.0__react@18.2.0/node_modules/next/dist/compiled/react-dom/cjs/react-dom.development.js:38559
[   22501ms] [ERROR] Failed to load resource: net::ERR_CONNECTION_REFUSED @ http://localhost:3001/_next/image?url=https%3A%2F%2Fi1.sndcdn.com%2Fartworks-1ho65iks3fsaazXs-yWRYAw-t500x500.jpg&w=1080&q=100:0
[   29501ms] [ERROR] Failed to load resource: net::ERR_CONNECTION_REFUSED @ http://localhost:3001/_next/image?url=https%3A%2F%2Fthumbnailer.mixcloud.com%2Funsafe%2F1024x1024%2Fextaudio%2F0%2F8%2Ff%2Fb%2Fac8c-efa7-4b20-b2a7-9659390dbc2e&w=1080&q=100:0
[   36504ms] [ERROR] Failed to load resource: net::ERR_CONNECTION_REFUSED @ http://localhost:3001/_next/image?url=https%3A%2F%2Fi1.sndcdn.com%2Fartworks-L89EZ1kH6b58dMC7-IMsphg-t500x500.jpg&w=1080&q=100:0
[   43505ms] [ERROR] Failed to load resource: net::ERR_CONNECTION_REFUSED @ http://localhost:3001/_next/image?url=https%3A%2F%2Fi1.sndcdn.com%2Fartworks-qFZhLVUnA5GYVvMC-xNMGQw-t500x500.jpg&w=1080&q=100:0
[   50507ms] [ERROR] Failed to load resource: net::ERR_CONNECTION_REFUSED @ http://localhost:3001/_next/image?url=https%3A%2F%2Fi1.sndcdn.com%2Fartworks-oZ6GLPgzyfBIqD0v-NBE9rQ-t500x500.jpg&w=1080&q=100:0
[   57506ms] [ERROR] Failed to load resource: net::ERR_CONNECTION_REFUSED @ http://localhost:3001/_next/image?url=https%3A%2F%2Fthumbnailer.mixcloud.com%2Funsafe%2F1024x1024%2Fextaudio%2F1%2F1%2F4%2F7%2F9265-7073-4f40-a172-f9211f9c1ef4&w=1080&q=100:0
[   78506ms] [ERROR] Failed to load resource: net::ERR_CONNECTION_REFUSED @ http://localhost:3001/_next/image?url=https%3A%2F%2Fi1.sndcdn.com%2Fartworks-1ho65iks3fsaazXs-yWRYAw-t500x500.jpg&w=1080&q=100:0
[   85508ms] [ERROR] Failed to load resource: net::ERR_CONNECTION_REFUSED @ http://localhost:3001/_next/image?url=https%3A%2F%2Fthumbnailer.mixcloud.com%2Funsafe%2F1024x1024%2Fextaudio%2F0%2F8%2Ff%2Fb%2Fac8c-efa7-4b20-b2a7-9659390dbc2e&w=1080&q=100:0
[   92507ms] [ERROR] Failed to load resource: net::ERR_CONNECTION_REFUSED @ http://localhost:3001/_next/image?url=https%3A%2F%2Fi1.sndcdn.com%2Fartworks-L89EZ1kH6b58dMC7-IMsphg-t500x500.jpg&w=1080&q=100:0
[   99508ms] [ERROR] Failed to load resource: net::ERR_CONNECTION_REFUSED @ http://localhost:3001/_next/image?url=https%3A%2F%2Fi1.sndcdn.com%2Fartworks-qFZhLVUnA5GYVvMC-xNMGQw-t500x500.jpg&w=1080&q=100:0
[  106508ms] [ERROR] Failed to load resource: net::ERR_CONNECTION_REFUSED @ http://localhost:3001/_next/image?url=https%3A%2F%2Fi1.sndcdn.com%2Fartworks-oZ6GLPgzyfBIqD0v-NBE9rQ-t500x500.jpg&w=1080&q=100:0
[  113505ms] [ERROR] Failed to load resource: net::ERR_CONNECTION_REFUSED @ http://localhost:3001/_next/image?url=https%3A%2F%2Fthumbnailer.mixcloud.com%2Funsafe%2F1024x1024%2Fextaudio%2F1%2F1%2F4%2F7%2F9265-7073-4f40-a172-f9211f9c1ef4&w=1080&q=100:0
[  134507ms] [ERROR] Failed to load resource: net::ERR_CONNECTION_REFUSED @ http://localhost:3001/_next/image?url=https%3A%2F%2Fi1.sndcdn.com%2Fartworks-1ho65iks3fsaazXs-yWRYAw-t500x500.jpg&w=1080&q=100:0
[  141507ms] [ERROR] Failed to load resource: net::ERR_CONNECTION_REFUSED @ http://localhost:3001/_next/image?url=https%3A%2F%2Fthumbnailer.mixcloud.com%2Funsafe%2F1024x1024%2Fextaudio%2F0%2F8%2Ff%2Fb%2Fac8c-efa7-4b20-b2a7-9659390dbc2e&w=1080&q=100:0
[  148506ms] [ERROR] Failed to load resource: net::ERR_CONNECTION_REFUSED @ http://localhost:3001/_next/image?url=https%3A%2F%2Fi1.sndcdn.com%2Fartworks-L89EZ1kH6b58dMC7-IMsphg-t500x500.jpg&w=1080&q=100:0
[  155506ms] [ERROR] Failed to load resource: net::ERR_CONNECTION_REFUSED @ http://localhost:3001/_next/image?url=https%3A%2F%2Fi1.sndcdn.com%2Fartworks-qFZhLVUnA5GYVvMC-xNMGQw-t500x500.jpg&w=1080&q=100:0
[  162507ms] [ERROR] Failed to load resource: net::ERR_CONNECTION_REFUSED @ http://localhost:3001/_next/image?url=https%3A%2F%2Fi1.sndcdn.com%2Fartworks-oZ6GLPgzyfBIqD0v-NBE9rQ-t500x500.jpg&w=1080&q=100:0
[  169506ms] [ERROR] Failed to load resource: net::ERR_CONNECTION_REFUSED @ http://localhost:3001/_next/image?url=https%3A%2F%2Fthumbnailer.mixcloud.com%2Funsafe%2F1024x1024%2Fextaudio%2F1%2F1%2F4%2F7%2F9265-7073-4f40-a172-f9211f9c1ef4&w=1080&q=100:0
[  190512ms] [ERROR] Failed to load resource: net::ERR_CONNECTION_REFUSED @ http://localhost:3001/_next/image?url=https%3A%2F%2Fi1.sndcdn.com%2Fartworks-1ho65iks3fsaazXs-yWRYAw-t500x500.jpg&w=1080&q=100:0
[  197512ms] [ERROR] Failed to load resource: net::ERR_CONNECTION_REFUSED @ http://localhost:3001/_next/image?url=https%3A%2F%2Fthumbnailer.mixcloud.com%2Funsafe%2F1024x1024%2Fextaudio%2F0%2F8%2Ff%2Fb%2Fac8c-efa7-4b20-b2a7-9659390dbc2e&w=1080&q=100:0
[  204507ms] [ERROR] Failed to load resource: net::ERR_CONNECTION_REFUSED @ http://localhost:3001/_next/image?url=https%3A%2F%2Fi1.sndcdn.com%2Fartworks-L89EZ1kH6b58dMC7-IMsphg-t500x500.jpg&w=1080&q=100:0
[  211509ms] [ERROR] Failed to load resource: net::ERR_CONNECTION_REFUSED @ http://localhost:3001/_next/image?url=https%3A%2F%2Fi1.sndcdn.com%2Fartworks-qFZhLVUnA5GYVvMC-xNMGQw-t500x500.jpg&w=1080&q=100:0
[  218506ms] [ERROR] Failed to load resource: net::ERR_CONNECTION_REFUSED @ http://localhost:3001/_next/image?url=https%3A%2F%2Fi1.sndcdn.com%2Fartworks-oZ6GLPgzyfBIqD0v-NBE9rQ-t500x500.jpg&w=1080&q=100:0
[  225509ms] [ERROR] Failed to load resource: net::ERR_CONNECTION_REFUSED @ http://localhost:3001/_next/image?url=https%3A%2F%2Fthumbnailer.mixcloud.com%2Funsafe%2F1024x1024%2Fextaudio%2F1%2F1%2F4%2F7%2F9265-7073-4f40-a172-f9211f9c1ef4&w=1080&q=100:0
