[     117ms] [ERROR] Failed to load resource: the server responded with a status of 404 (Not Found) @ http://localhost:3002/_next/static/css/app/layout.css?v=1782492327963:0
[     133ms] [ERROR] Failed to load resource: the server responded with a status of 404 (Not Found) @ http://localhost:3002/_next/static/chunks/webpack.js?v=1782492327963:0
[     136ms] [ERROR] Failed to load resource: the server responded with a status of 404 (Not Found) @ http://localhost:3002/_next/static/chunks/app-pages-internals.js:0
[     137ms] [ERROR] Failed to load resource: the server responded with a status of 404 (Not Found) @ http://localhost:3002/_next/static/chunks/main-app.js?v=1782492327963:0
[     137ms] [ERROR] Failed to load resource: the server responded with a status of 404 (Not Found) @ http://localhost:3002/_next/static/chunks/app/(station)/explore/page.js:0
[     138ms] [ERROR] Failed to load resource: the server responded with a status of 404 (Not Found) @ http://localhost:3002/_next/static/chunks/app/layout.js:0
[     144ms] [ERROR] Failed to load resource: the server responded with a status of 404 (Not Found) @ http://localhost:3002/_next/static/chunks/app/(station)/layout.js:0
[     149ms] [ERROR] Failed to load resource: the server responded with a status of 404 (Not Found) @ http://localhost:3002/_next/static/chunks/app/(station)/error.js:0
[    3150ms] [WARNING] The resource http://localhost:3002/_next/static/media/e4af272ccee01ff0-s.p.woff2 was preloaded using link preload but not used within a few seconds from the window's load event. Please make sure it has an appropriate `as` value and it is preloaded intentionally. @ http://localhost:3002/explore?station=kx:0
[    3150ms] [WARNING] The resource http://localhost:3002/_next/static/media/7b0b24f36b1a6d0b-s.p.woff2 was preloaded using link preload but not used within a few seconds from the window's load event. Please make sure it has an appropriate `as` value and it is preloaded intentionally. @ http://localhost:3002/explore?station=kx:0
[    3150ms] [WARNING] The resource http://localhost:3002/_next/static/media/7891bf2bba658b6d-s.p.woff2 was preloaded using link preload but not used within a few seconds from the window's load event. Please make sure it has an appropriate `as` value and it is preloaded intentionally. @ http://localhost:3002/explore?station=kx:0
[    3150ms] [WARNING] The resource http://localhost:3002/_next/static/media/3240ce91eb2adaa8-s.p.woff2 was preloaded using link preload but not used within a few seconds from the window's load event. Please make sure it has an appropriate `as` value and it is preloaded intentionally. @ http://localhost:3002/explore?station=kx:0
[    3150ms] [WARNING] The resource http://localhost:3002/_next/static/media/0b59b4e6797d186d-s.p.woff2 was preloaded using link preload but not used within a few seconds from the window's load event. Please make sure it has an appropriate `as` value and it is preloaded intentionally. @ http://localhost:3002/explore?station=kx:0
[    3150ms] [WARNING] The resource http://localhost:3002/_next/static/media/48d80869c8866503-s.p.woff2 was preloaded using link preload but not used within a few seconds from the window's load event. Please make sure it has an appropriate `as` value and it is preloaded intentionally. @ http://localhost:3002/explore?station=kx:0
[   17897ms] [ERROR] Failed to load resource: the server responded with a status of 404 (Not Found) @ http://localhost:3002/_next/static/css/app/layout.css?v=1782492345748:0
[   17909ms] [ERROR] Failed to load resource: the server responded with a status of 404 (Not Found) @ http://localhost:3002/_next/static/chunks/webpack.js?v=1782492345748:0
[   17910ms] [ERROR] Failed to load resource: the server responded with a status of 404 (Not Found) @ http://localhost:3002/_next/static/chunks/main-app.js?v=1782492345748:0
[   17911ms] [ERROR] Failed to load resource: the server responded with a status of 404 (Not Found) @ http://localhost:3002/_next/static/chunks/app-pages-internals.js:0
[   17911ms] [ERROR] Failed to load resource: the server responded with a status of 404 (Not Found) @ http://localhost:3002/_next/static/chunks/app/layout.js:0
[   17913ms] [ERROR] Failed to load resource: the server responded with a status of 404 (Not Found) @ http://localhost:3002/_next/static/chunks/app/(station)/explore/page.js:0
[   17919ms] [ERROR] Failed to load resource: the server responded with a status of 404 (Not Found) @ http://localhost:3002/_next/static/chunks/app/(station)/layout.js:0
[   17927ms] [ERROR] Failed to load resource: the server responded with a status of 404 (Not Found) @ http://localhost:3002/_next/static/chunks/app/(station)/error.js:0
[   21291ms] [WARNING] The resource http://localhost:3002/_next/static/media/e4af272ccee01ff0-s.p.woff2 was preloaded using link preload but not used within a few seconds from the window's load event. Please make sure it has an appropriate `as` value and it is preloaded intentionally. @ http://localhost:3002/explore?station=kx:0
[   21291ms] [WARNING] The resource http://localhost:3002/_next/static/media/7b0b24f36b1a6d0b-s.p.woff2 was preloaded using link preload but not used within a few seconds from the window's load event. Please make sure it has an appropriate `as` value and it is preloaded intentionally. @ http://localhost:3002/explore?station=kx:0
[   21291ms] [WARNING] The resource http://localhost:3002/_next/static/media/7891bf2bba658b6d-s.p.woff2 was preloaded using link preload but not used within a few seconds from the window's load event. Please make sure it has an appropriate `as` value and it is preloaded intentionally. @ http://localhost:3002/explore?station=kx:0
[   21291ms] [WARNING] The resource http://localhost:3002/_next/static/media/3240ce91eb2adaa8-s.p.woff2 was preloaded using link preload but not used within a few seconds from the window's load event. Please make sure it has an appropriate `as` value and it is preloaded intentionally. @ http://localhost:3002/explore?station=kx:0
[   21291ms] [WARNING] The resource http://localhost:3002/_next/static/media/0b59b4e6797d186d-s.p.woff2 was preloaded using link preload but not used within a few seconds from the window's load event. Please make sure it has an appropriate `as` value and it is preloaded intentionally. @ http://localhost:3002/explore?station=kx:0
[   21291ms] [WARNING] The resource http://localhost:3002/_next/static/media/48d80869c8866503-s.p.woff2 was preloaded using link preload but not used within a few seconds from the window's load event. Please make sure it has an appropriate `as` value and it is preloaded intentionally. @ http://localhost:3002/explore?station=kx:0
