[     883ms] [INFO] %cDownload the React DevTools for a better development experience: https://react.dev/link/react-devtools font-weight:bold @ webpack-internal:///(app-pages-browser)/./node_modules/next/dist/compiled/react-dom/cjs/react-dom-client.development.js:25630
[   20909ms] [LOG] [Fast Refresh] rebuilding @ webpack-internal:///(app-pages-browser)/./node_modules/next/dist/client/dev/hot-reloader/app/hot-reloader-app.js:196
[   21114ms] [LOG] [Fast Refresh] done in 206ms @ webpack-internal:///(app-pages-browser)/./node_modules/next/dist/client/dev/report-hmr-latency.js:13
[   24804ms] [LOG] [Fast Refresh] rebuilding @ webpack-internal:///(app-pages-browser)/./node_modules/next/dist/client/dev/hot-reloader/app/hot-reloader-app.js:196
[   25130ms] [LOG] [Fast Refresh] done in 326ms @ webpack-internal:///(app-pages-browser)/./node_modules/next/dist/client/dev/report-hmr-latency.js:13
[   90712ms] [LOG] [Fast Refresh] rebuilding @ webpack-internal:///(app-pages-browser)/./node_modules/next/dist/client/dev/hot-reloader/app/hot-reloader-app.js:196
[   91251ms] [LOG] [Fast Refresh] done in 538ms @ webpack-internal:///(app-pages-browser)/./node_modules/next/dist/client/dev/report-hmr-latency.js:13
[  142077ms] [LOG] [Fast Refresh] rebuilding @ webpack-internal:///(app-pages-browser)/./node_modules/next/dist/client/dev/hot-reloader/app/hot-reloader-app.js:196
[  142218ms] [LOG] [Fast Refresh] done in 141ms @ webpack-internal:///(app-pages-browser)/./node_modules/next/dist/client/dev/report-hmr-latency.js:13
[  142355ms] [LOG] [Fast Refresh] rebuilding @ webpack-internal:///(app-pages-browser)/./node_modules/next/dist/client/dev/hot-reloader/app/hot-reloader-app.js:196
[  142913ms] [LOG] [Fast Refresh] done in 559ms @ webpack-internal:///(app-pages-browser)/./node_modules/next/dist/client/dev/report-hmr-latency.js:13
[  143610ms] [ERROR] Failed to load resource: the server responded with a status of 404 (Not Found) @ http://localhost:3000/_next/static/css/app/layout.css?v=1784481429324:0
[  143665ms] Event
[  143714ms] [WARNING] Image with src "https://i1.sndcdn.com/artworks-GzCWhztps0FzMdNT-Sy14wg-t500x500.jpg" has "fill" and parent element with invalid "position". Provided "static" should be one of absolute,fixed,relative. @ webpack-internal:///(app-pages-browser)/./node_modules/next/dist/shared/lib/utils/warn-once.js:15
[  143813ms] [WARNING] Image with src "/mobile-app-badges.png" has "fill" and parent element with invalid "position". Provided "static" should be one of absolute,fixed,relative. @ webpack-internal:///(app-pages-browser)/./node_modules/next/dist/shared/lib/utils/warn-once.js:15
[  143819ms] [WARNING] Image with src "https://i1.sndcdn.com/artworks-8iifq6LqH1mwWN6z-Zjc2xw-t500x500.jpg" has "fill" and parent element with invalid "position". Provided "static" should be one of absolute,fixed,relative. @ webpack-internal:///(app-pages-browser)/./node_modules/next/dist/shared/lib/utils/warn-once.js:15
[  143820ms] [WARNING] Image with src "https://i1.sndcdn.com/artworks-BJiX00iIVieSLpuJ-KBfk9Q-t500x500.jpg" has "fill" and parent element with invalid "position". Provided "static" should be one of absolute,fixed,relative. @ webpack-internal:///(app-pages-browser)/./node_modules/next/dist/shared/lib/utils/warn-once.js:15
[  144044ms] [WARNING] Image with src "https://i1.sndcdn.com/artworks-bX52s9zoMofZ28lA-bzBiwg-t500x500.jpg" has "fill" and parent element with invalid "position". Provided "static" should be one of absolute,fixed,relative. @ webpack-internal:///(app-pages-browser)/./node_modules/next/dist/shared/lib/utils/warn-once.js:15
[  144046ms] [WARNING] Image with src "https://i1.sndcdn.com/artworks-k8FOcyzK6g30UWWn-AN6zmA-t500x500.jpg" has "fill" and parent element with invalid "position". Provided "static" should be one of absolute,fixed,relative. @ webpack-internal:///(app-pages-browser)/./node_modules/next/dist/shared/lib/utils/warn-once.js:15
[  144231ms] [WARNING] Image with src "https://i1.sndcdn.com/artworks-s3oW3AWLFMamPMiA-mwd9aw-t500x500.jpg" has "fill" and parent element with invalid "position". Provided "static" should be one of absolute,fixed,relative. @ webpack-internal:///(app-pages-browser)/./node_modules/next/dist/shared/lib/utils/warn-once.js:15
